Microchip MPLAB XC8 Compiler V2.45

Linker command line:

--edf=C:\Program Files\Microchip\xc8\v2.45\pic\dat\20230818022343_en.msgs \
  -cn -h+dist/default/production\TP_STR.X.production.sym \
  --cmf=dist/default/production\TP_STR.X.production.cmf -z -Q18F87K22 \
  -oC:\Users\basti\AppData\Local\Temp\xcAsljc.\driver_tmp_3.o \
  --defsym=__MPLAB_BUILD=1 --fixupoverflow=error \
  -Mdist/default/production/TP_STR.X.production.map \
  --md=C:\Users\basti\AppData\Local\Temp\xcAsljc.\driver_tmp_0.dat -E1 \
  -ver=XC8 Compiler --acfsm=1493 -ASTACK=0642h-0F15h -pstack=STACK \
  -ACODE=00h-01FFFFh -ACONST=00h-01FFFFh -ASMALLCONST=01000h-010FFhx496 \
  -AMEDIUMCONST=01000h-0FFFFh,011000h-01FFFFh -ACOMRAM=01h-05Fh \
  -AABS1=00h-0F15h -ABIGRAM=01h-0F15h \
  -ARAM=060h-0FFh,0100h-01FFhx14,0F00h-0F15h -ABANK0=060h-0FFh \
  -ABANK1=0100h-01FFh -ABANK2=0200h-02FFh -ABANK3=0300h-03FFh \
  -ABANK4=0400h-04FFh -ABANK5=0500h-05FFh -ABANK6=0600h-06FFh \
  -ABANK7=0700h-07FFh -ABANK8=0800h-08FFh -ABANK9=0900h-09FFh \
  -ABANK10=0A00h-0AFFh -ABANK11=0B00h-0BFFh -ABANK12=0C00h-0CFFh \
  -ABANK13=0D00h-0DFFh -ABANK14=0E00h-0EFFh -ABANK15=0F00h-0F15h \
  -ASFR=0F16h-0F5Fh,0F60h-0FFFh -ABIGSFR=0F16h-0FFFh \
  -ACONFIG=0300000h-030000Dh -AIDLOC=0200000h-0200007h \
  -AEEDATA=0F00000h-0F003FFh -peeprom_data=EEDATA \
  -preset_vec=00h,intcode=08h,intcodelo,powerup,init -pramtop=01000h \
  -psmallconst=SMALLCONST -pmediumconst=MEDIUMCONST -pconst=CONST \
  -AFARRAM=00h-00h \
  -prdata=COMRAM,nvrram=COMRAM,nvbit=COMRAM,rbss=COMRAM,rbit=COMRAM \
  -pfarbss=FARRAM,fardata=FARRAM,nvFARRAM=FARRAM \
  -pintsave_regs=BIGRAM,bigbss=BIGRAM,bigdata=BIGRAM -pbss=RAM \
  -pidata=CODE,irdata=CODE,ibigdata=CODE,ifardata=CODE -prparam=COMRAM \
  C:\Users\basti\AppData\Local\Temp\xcAsljc.\driver_tmp_9.o \
  dist/default/production\TP_STR.X.production.o 

Object code version is 3.11

Machine type is 18F87K22



                Name                               Link     Load   Length Selector   Space Scale
C:\Users\basti\AppData\Local\Temp\xcAsljc.\driver_tmp_9.o
                stack                               642      642      8D4      642       2
                idloc                            200000   200000        8        0       5
                config                           300000   300000        E        0       4
                init                                356      356        8        4       0
                reset_vec                             0        0        4        0       0
dist/default/production\TP_STR.X.production.o
                intcode                               8        8      34E        4       0
                idloc                            200000   200000        8        0       5
                config                           300000   300000        E        0       4
                temp                                  1        1       20        1       1
                smallconst                         1000     1000       8C      800       0
                text35                             2658     2658       2E      846       0
                text34                             21EE     21EE       78      846       0
                text33                             2770     2770       1A      846       0
                text32                             2756     2756       1A      846       0
                text31                             240E     240E       4E      846       0
                text30                             234E     234E       6E      846       0
                text29                             25E6     25E6       3A      846       0
                text28                             25AC     25AC       3A      846       0
                text27                             23BC     23BC       52      846       0
                text26                             20E6     20E6       90      846       0
                text25                             22DA     22DA       74      846       0
                text24                             2176     2176       78      846       0
                text23                             2716     2716       22      846       0
                text22                             2572     2572       3A      846       0
                text21                             26F2     26F2       24      846       0
                text20                             1CDC     1CDC       E4      846       0
                text19                             245C     245C       4C      846       0
                text18                             1F72     1F72       C4      846       0
                text17                             2036     2036       B0      846       0
                text16                             1EA0     1EA0       D2      846       0
                text15                             2530     2530       42      846       0
                text14                             108C     108C      32E      846       0
                text13                             2266     2266       74      846       0
                text12                             26CE     26CE       24      846       0
                text11                             1BA6     1BA6      136      846       0
                text10                             1A3E     1A3E      168      846       0
                text9                              13BA     13BA      22E      846       0
                text8                              1814     1814      22A      846       0
                text7                              26AA     26AA       24      846       0
                text6                              1DC0     1DC0       E0      846       0
                text5                              24EE     24EE       42      846       0
                text3                              24A8     24A8       46      846       0
                text2                              2620     2620       38      846       0
                text1                              15E8     15E8      22C      846       0
                text0                              2738     2738       1E      846       0
                cstackCOMRAM                         21       21       1B        1       1
                cstackBANK0                          81       81        3       81       1
                dataCOMRAM                           4F       4F        1        1       1
                bssCOMRAM                            3C       3C        C        1       1
                cinit                              2686     2686       24      846       0
                nvCOMRAM                             48       48        7        1       1
                idataCOMRAM                        278A     278A        1      846       0

TOTAL           Name                               Link     Load   Length     Space
        CLASS   STACK          
                stack                               642      642      8D4         2

        CLASS   CODE           
                intcode                               8        8      34E         0
                init                                356      356        8         0
                reset_vec                             0        0        4         0
                text35                             2658     2658       2E         0
                text34                             21EE     21EE       78         0
                text33                             2770     2770       1A         0
                text32                             2756     2756       1A         0
                text31                             240E     240E       4E         0
                text30                             234E     234E       6E         0
                text29                             25E6     25E6       3A         0
                text28                             25AC     25AC       3A         0
                text27                             23BC     23BC       52         0
                text26                             20E6     20E6       90         0
                text25                             22DA     22DA       74         0
                text24                             2176     2176       78         0
                text23                             2716     2716       22         0
                text22                             2572     2572       3A         0
                text21                             26F2     26F2       24         0
                text20                             1CDC     1CDC       E4         0
                text19                             245C     245C       4C         0
                text18                             1F72     1F72       C4         0
                text17                             2036     2036       B0         0
                text16                             1EA0     1EA0       D2         0
                text15                             2530     2530       42         0
                text14                             108C     108C      32E         0
                text13                             2266     2266       74         0
                text12                             26CE     26CE       24         0
                text11                             1BA6     1BA6      136         0
                text10                             1A3E     1A3E      168         0
                text9                              13BA     13BA      22E         0
                text8                              1814     1814      22A         0
                text7                              26AA     26AA       24         0
                text6                              1DC0     1DC0       E0         0
                text5                              24EE     24EE       42         0
                text3                              24A8     24A8       46         0
                text2                              2620     2620       38         0
                text1                              15E8     15E8      22C         0
                text0                              2738     2738       1E         0
                cinit                              2686     2686       24         0
                idataCOMRAM                        278A     278A        1         0

        CLASS   CONST          

        CLASS   SMALLCONST     
                smallconst                         1000     1000       8C         0

        CLASS   MEDIUMCONST    

        CLASS   COMRAM         
                temp                                  1        1       20         1
                cstackCOMRAM                         21       21       1B         1
                dataCOMRAM                           4F       4F        1         1
                bssCOMRAM                            3C       3C        C         1
                nvCOMRAM                             48       48        7         1

        CLASS   ABS1           
                abs_s1                               60       60       21         1
                abs_s1                              100      100       42         1
                abs_s1                              103      103        1         1
                abs_s1                              200      200       42         1
                abs_s1                              203      203        1         1
                abs_s1                              300      300       42         1
                abs_s1                              303      303        1         1
                abs_s1                              400      400       42         1
                abs_s1                              403      403        1         1
                abs_s1                              500      500       42         1
                abs_s1                              503      503        1         1
                abs_s1                              600      600       42         1
                abs_s1                              603      603        1         1

        CLASS   BIGRAM         

        CLASS   RAM            

        CLASS   BANK0          
                cstackBANK0                          81       81        3         1

        CLASS   BANK1          

        CLASS   BANK2          

        CLASS   BANK3          

        CLASS   BANK4          

        CLASS   BANK5          

        CLASS   BANK6          

        CLASS   BANK7          

        CLASS   BANK8          

        CLASS   BANK9          

        CLASS   BANK10         

        CLASS   BANK11         

        CLASS   BANK12         

        CLASS   BANK13         

        CLASS   BANK14         

        CLASS   BANK15         

        CLASS   SFR            

        CLASS   BIGSFR         

        CLASS   CONFIG         
                config                           300000   300000        E         4

        CLASS   IDLOC          
                idloc                            200000   200000        8         5

        CLASS   EEDATA         

        CLASS   FARRAM         

        CLASS   HEAP           



SEGMENTS        Name                           Load    Length   Top    Selector   Space  Class

                reset_vec                      000000  000004  000004         0       0  CODE    
                temp                           000001  00004F  000050         1       1  COMRAM  
                intcode                        000008  000356  00035E         4       0  CODE    
                cstackBANK0                    000081  000003  000084        81       1  BANK0   
                stack                          000642  0008D4  000F16       642       2  STACK   
                smallconst                     001000  00008C  00108C       800       0  SMALLCON
                text14                         00108C  0016FF  00278B       846       0  CODE    


UNUSED ADDRESS RANGES

        Name                Unused          Largest block    Delta
        BANK0            000084-0000FF               7C
        BANK1            000142-0001FF               BE
        BANK10           000A00-000AFF              100
        BANK11           000B00-000BFF              100
        BANK12           000C00-000CFF              100
        BANK13           000D00-000DFF              100
        BANK14           000E00-000EFF              100
        BANK15           000F00-000F15               16
        BANK2            000242-0002FF               BE
        BANK3            000342-0003FF               BE
        BANK4            000442-0004FF               BE
        BANK5            000542-0005FF               BE
        BANK6            000642-0006FF               BE
        BANK7            000700-0007FF              100
        BANK8            000800-0008FF              100
        BANK9            000900-0009FF              100
        BIGRAM           000050-00005F               10
                         000084-0000FF               7C
                         000142-0001FF               BE
                         000242-0002FF               BE
                         000342-0003FF               BE
                         000442-0004FF               BE
                         000542-0005FF               BE
                         000642-000F15              8D4
        BIGSFR           000F16-000FFF               EA
        CODE             000004-000007                4
                         00035E-000FFF              CA2
                         00278B-01FFFF            1D875
        COMRAM           000050-00005F               10
        CONST            000004-000007                4
                         00035E-000FFF              CA2
                         00278B-01FFFF            1D875
        EEDATA           F00000-F003FF              400
        MEDIUMCONST      00278B-00FFFF             D875
                         011000-01FFFF             F000
        RAM              000084-0000FF               7C
                         000142-0001FF               BE
                         000242-0002FF               BE
                         000342-0003FF               BE
                         000442-0004FF               BE
                         000542-0005FF               BE
                         000642-000F15              100
        SFR              000F16-000FFF               4A
        SMALLCONST       00278B-01FFFF              100

                                  Symbol Table

?___awdiv                            cstackCOMRAM 000021
?___awmod                            cstackCOMRAM 000021
?___lwdiv                            cstackCOMRAM 000021
Init@sem                             cstackBANK0  000083
_ADCON0                              (abs)        000FC2
_ADCON0bits                          (abs)        000FC2
_ADCON1                              (abs)        000FC1
_ADCON2                              (abs)        000FC0
_ADRESH                              (abs)        000FC4
_ADRESL                              (abs)        000FC3
_ANCON0                              (abs)        000F25
_ANCON0bits                          (abs)        000F25
_ANCON1                              (abs)        000F24
_ANCON1bits                          (abs)        000F24
_ANCON2                              (abs)        000F23
_BAUDCON1                            (abs)        000F65
_BSR                                 (abs)        000FE0
_BSR_TEMPORAIRE                      (abs)        000062
_DEMARRAGE                           (abs)        000065
_DRIVE                               bssCOMRAM    000043
_ENGINE                              bssCOMRAM    000045
_FORKLIFT                            bssCOMRAM    000041
_FSR0H                               (abs)        000FEA
_FSR0H_TEMPORAIRE                    (abs)        000063
_FSR0L                               (abs)        000FE9
_FSR0L_TEMPORAIRE                    (abs)        000064
_FSR1H                               (abs)        000FE2
_FSR1L                               (abs)        000FE1
_FSR2H                               (abs)        000FDA
_FSR2L                               (abs)        000FD9
_HANDBRAKE                           dataCOMRAM   00004F
_INTCON2bits                         (abs)        000FF1
_INTCONbits                          (abs)        000FF2
_Init                                text3        0024A8
_LATCbits                            (abs)        000F8B
_LATDbits                            (abs)        000F8C
_LATGbits                            (abs)        000F8F
_LATH                                (abs)        000F90
_LATJ                                (abs)        000F91
_LATJbits                            (abs)        000F91
_MEMCON                              (abs)        000F26
_PADCFG1bits                         (abs)        000F53
_PCLATH                              (abs)        000FFA
_PCLATU                              (abs)        000FFB
_PIR1bits                            (abs)        000F9E
_PORTBbits                           (abs)        000F81
_PORTDbits                           (abs)        000F83
_PORTEbits                           (abs)        000F84
_PORTH                               (abs)        000F87
_POSTINC0                            (abs)        000FEE
_POSTINC1                            (abs)        000FE6
_PRODH                               (abs)        000FF4
_PRODL                               (abs)        000FF3
_RCSTA1                              (abs)        000FAB
_RXTX_libre                          (abs)        000080
_SPBRG1                              (abs)        000FAF
_SPBRGH1                             (abs)        000FD4
_STATUS                              (abs)        000FD8
_STATUS_TEMPORAIRE                   (abs)        000061
_STKPTR                              (abs)        000FFC
_STKPTR_T1                           (abs)        000103
_STKPTR_T2                           (abs)        000203
_STKPTR_T3                           (abs)        000303
_STKPTR_T4                           (abs)        000403
_STKPTR_T5                           (abs)        000503
_STKPTR_T6                           (abs)        000603
_T0CON                               (abs)        000FD5
_T0CONbits                           (abs)        000FD5
_T0IE                                (abs)        007F95
_T0IF                                (abs)        007F92
_TABLAT                              (abs)        000FF5
_TBLPTRH                             (abs)        000FF7
_TBLPTRL                             (abs)        000FF6
_TBLPTRU                             (abs)        000FF8
_TMR0                                (abs)        000FD6
_TOSH                                (abs)        000FFE
_TOSL                                (abs)        000FFD
_TOSU                                (abs)        000FFF
_TP_appui                            (abs)        000066
_TP_x                                (abs)        000067
_TP_y                                (abs)        000068
_TRISCbits                           (abs)        000F94
_TRISDbits                           (abs)        000F95
_TRISGbits                           (abs)        000F98
_TRISH                               (abs)        000F99
_TRISJ                               (abs)        000F9A
_TXREG1                              (abs)        000FAD
_TXSTA1                              (abs)        000FAC
_TXSTA1bits                          (abs)        000FAC
_Tick_Count                          (abs)        000071
_Val_sem_cna                         bssCOMRAM    000047
_Val_sem_rxtx                        bssCOMRAM    000046
_WHEELDIRECTION                      bssCOMRAM    00003F
_WREG                                (abs)        000FE8
_W_TEMPORAIRE                        (abs)        000060
__HRAM                               (abs)        000000
__H__absolute__                      __absolute__ 000000
__Habs1                              abs1         000000
__Hbank0                             bank0        000000
__Hbank1                             bank1        000000
__Hbank10                            bank10       000000
__Hbank11                            bank11       000000
__Hbank12                            bank12       000000
__Hbank13                            bank13       000000
__Hbank14                            bank14       000000
__Hbank15                            bank15       000000
__Hbank2                             bank2        000000
__Hbank3                             bank3        000000
__Hbank4                             bank4        000000
__Hbank5                             bank5        000000
__Hbank6                             bank6        000000
__Hbank7                             bank7        000000
__Hbank8                             bank8        000000
__Hbank9                             bank9        000000
__Hbigbss                            bigbss       000000
__Hbigdata                           bigdata      000000
__Hbigram                            bigram       000000
__Hbigsfr                            bigsfr       000000
__Hbss                               bss          000000
__HbssCOMRAM                         bssCOMRAM    000000
__Hcinit                             cinit        000000
__Hclrtext                           clrtext      000000
__Hcomram                            comram       000000
__Hconfig                            config       30000E
__Hconst                             const        000000
__HcstackBANK0                       cstackBANK0  000000
__HcstackCOMRAM                      cstackCOMRAM 000000
__Hdata                              data         000000
__HdataCOMRAM                        dataCOMRAM   000000
__Heeprom_data                       eeprom_data  000000
__Hfarbss                            farbss       000000
__Hfardata                           fardata      000000
__Hheap                              heap         000000
__Hibigdata                          ibigdata     000000
__Hidata                             idata        000000
__HidataCOMRAM                       idataCOMRAM  000000
__Hidloc                             idloc        200008
__Hifardata                          ifardata     000000
__Hinit                              init         00035E
__Hintcode                           intcode      000356
__Hintcode_body                      intcode_body 000000
__Hintcodelo                         intcodelo    000356
__Hintentry                          intentry     000000
__Hintret                            intret       000000
__Hintsave_regs                      intsave_regs 000000
__Hirdata                            irdata       000000
__Hmediumconst                       mediumconst  000000
__HnvCOMRAM                          nvCOMRAM     000000
__HnvFARRAM                          nvFARRAM     000000
__Hnvbit                             nvbit        000000
__Hnvrram                            nvrram       000000
__Hparam                             rparam       000000
__Hpowerup                           powerup      000356
__Hram                               ram          000000
__Hramtop                            ramtop       001000
__Hrbit                              rbit         000000
__Hrbss                              rbss         000000
__Hrdata                             rdata        000000
__Hreset_vec                         reset_vec    000004
__Hrparam                            rparam       000000
__Hsfr                               sfr          000000
__Hsmallconst                        smallconst   00108C
__Hspace_0                           (abs)        00278B
__Hspace_1                           (abs)        000084
__Hspace_2                           (abs)        000F16
__Hspace_4                           (abs)        60000E
__Hstack                             stack        000F16
__Hstruct                            struct       000000
__Htemp                              temp         000021
__Htext                              text         000000
__Htext0                             text0        000000
__Htext1                             text1        000000
__Htext10                            text10       000000
__Htext11                            text11       000000
__Htext12                            text12       000000
__Htext13                            text13       000000
__Htext14                            text14       000000
__Htext15                            text15       000000
__Htext16                            text16       000000
__Htext17                            text17       000000
__Htext18                            text18       000000
__Htext19                            text19       000000
__Htext2                             text2        000000
__Htext20                            text20       000000
__Htext21                            text21       000000
__Htext22                            text22       000000
__Htext23                            text23       000000
__Htext24                            text24       000000
__Htext25                            text25       000000
__Htext26                            text26       000000
__Htext27                            text27       000000
__Htext28                            text28       000000
__Htext29                            text29       000000
__Htext3                             text3        000000
__Htext30                            text30       000000
__Htext31                            text31       000000
__Htext32                            text32       000000
__Htext33                            text33       000000
__Htext34                            text34       000000
__Htext35                            text35       000000
__Htext36                            text36       000000
__Htext5                             text5        000000
__Htext6                             text6        000000
__Htext7                             text7        000000
__Htext8                             text8        000000
__Htext9                             text9        000000
__LRAM                               (abs)        000001
__L__absolute__                      __absolute__ 000000
__Labs1                              abs1         000000
__Lbank0                             bank0        000000
__Lbank1                             bank1        000000
__Lbank10                            bank10       000000
__Lbank11                            bank11       000000
__Lbank12                            bank12       000000
__Lbank13                            bank13       000000
__Lbank14                            bank14       000000
__Lbank15                            bank15       000000
__Lbank2                             bank2        000000
__Lbank3                             bank3        000000
__Lbank4                             bank4        000000
__Lbank5                             bank5        000000
__Lbank6                             bank6        000000
__Lbank7                             bank7        000000
__Lbank8                             bank8        000000
__Lbank9                             bank9        000000
__Lbigbss                            bigbss       000000
__Lbigdata                           bigdata      000000
__Lbigram                            bigram       000000
__Lbigsfr                            bigsfr       000000
__Lbss                               bss          000000
__LbssCOMRAM                         bssCOMRAM    000000
__Lcinit                             cinit        000000
__Lclrtext                           clrtext      000000
__Lcomram                            comram       000000
__Lconfig                            config       000000
__Lconst                             const        000000
__LcstackBANK0                       cstackBANK0  000000
__LcstackCOMRAM                      cstackCOMRAM 000000
__Ldata                              data         000000
__LdataCOMRAM                        dataCOMRAM   000000
__Leeprom_data                       eeprom_data  000000
__Lfarbss                            farbss       000000
__Lfardata                           fardata      000000
__Lheap                              heap         000000
__Libigdata                          ibigdata     000000
__Lidata                             idata        000000
__LidataCOMRAM                       idataCOMRAM  000000
__Lidloc                             idloc        000000
__Lifardata                          ifardata     000000
__Linit                              init         000356
__Lintcode                           intcode      000008
__Lintcode_body                      intcode_body 000000
__Lintcodelo                         intcodelo    000356
__Lintentry                          intentry     000000
__Lintret                            intret       000000
__Lintsave_regs                      intsave_regs 000000
__Lirdata                            irdata       000000
__Lmediumconst                       mediumconst  000000
__LnvCOMRAM                          nvCOMRAM     000000
__LnvFARRAM                          nvFARRAM     000000
__Lnvbit                             nvbit        000000
__Lnvrram                            nvrram       000000
__Lparam                             rparam       000000
__Lpowerup                           powerup      000356
__Lram                               ram          000000
__Lramtop                            ramtop       001000
__Lrbit                              rbit         000000
__Lrbss                              rbss         000000
__Lrdata                             rdata        000000
__Lreset_vec                         reset_vec    000000
__Lrparam                            rparam       000000
__Lsfr                               sfr          000000
__Lsmallconst                        smallconst   001000
__Lspace_0                           (abs)        000000
__Lspace_1                           (abs)        000000
__Lspace_2                           (abs)        000000
__Lspace_4                           (abs)        000000
__Lstack                             stack        000642
__Lstruct                            struct       000000
__Ltemp                              temp         000001
__Ltext                              text         000000
__Ltext0                             text0        000000
__Ltext1                             text1        000000
__Ltext10                            text10       000000
__Ltext11                            text11       000000
__Ltext12                            text12       000000
__Ltext13                            text13       000000
__Ltext14                            text14       000000
__Ltext15                            text15       000000
__Ltext16                            text16       000000
__Ltext17                            text17       000000
__Ltext18                            text18       000000
__Ltext19                            text19       000000
__Ltext2                             text2        000000
__Ltext20                            text20       000000
__Ltext21                            text21       000000
__Ltext22                            text22       000000
__Ltext23                            text23       000000
__Ltext24                            text24       000000
__Ltext25                            text25       000000
__Ltext26                            text26       000000
__Ltext27                            text27       000000
__Ltext28                            text28       000000
__Ltext29                            text29       000000
__Ltext3                             text3        000000
__Ltext30                            text30       000000
__Ltext31                            text31       000000
__Ltext32                            text32       000000
__Ltext33                            text33       000000
__Ltext34                            text34       000000
__Ltext35                            text35       000000
__Ltext36                            text36       000000
__Ltext5                             text5        000000
__Ltext6                             text6        000000
__Ltext7                             text7        000000
__Ltext8                             text8        000000
__Ltext9                             text9        000000
__S0                                 (abs)        00278B
__S1                                 (abs)        000084
__S2                                 (abs)        000F16
__S4                                 (abs)        000000
__S5                                 (abs)        000000
___awdiv                             text18       001F72
___awdiv@counter                     cstackCOMRAM 000025
___awdiv@dividend                    cstackCOMRAM 000021
___awdiv@divisor                     cstackCOMRAM 000023
___awdiv@quotient                    cstackCOMRAM 000027
___awdiv@sign                        cstackCOMRAM 000026
___awmod                             text17       002036
___awmod@counter                     cstackCOMRAM 000025
___awmod@dividend                    cstackCOMRAM 000021
___awmod@divisor                     cstackCOMRAM 000023
___awmod@sign                        cstackCOMRAM 000026
___extmem_base                       (abs)        020000
___heap_hi                           (abs)        000000
___heap_lo                           (abs)        000000
___inthi_sp                          stack        000AAC
___inthi_stack_hi                    stack        000F16
___inthi_stack_lo                    stack        000AAC
___intlo_sp                          stack        000F16
___lwdiv                             text13       002266
___lwdiv@counter                     cstackCOMRAM 000027
___lwdiv@dividend                    cstackCOMRAM 000021
___lwdiv@divisor                     cstackCOMRAM 000023
___lwdiv@quotient                    cstackCOMRAM 000025
___param_bank                        (abs)        000000
___rparam_used                       (abs)        000001
___sp                                stack        000642
___stack_hi                          stack        000AAC
___stack_lo                          stack        000642
__accesstop                          (abs)        000060
__activetblptr                       (abs)        000003
__end_of_Init                        text3        0024EE
__end_of___awdiv                     text18       002036
__end_of___awmod                     text17       0020E6
__end_of___lwdiv                     text13       0022DA
__end_of__initialization             cinit        0026A4
__end_of_check_status_ok             text22       0025AC
__end_of_clear_graphics              text29       002620
__end_of_clear_text                  text28       0025E6
__end_of_command                     text21       002716
__end_of_d1command                   text31       00245C
__end_of_d2command                   text30       0023BC
__end_of_delai_us_char               text35       002686
__end_of_draw_char                   text27       00240E
__end_of_draw_hex8                   text26       002176
__end_of_draw_string                 text25       00234E
__end_of_fonction_d_interruption     intcode      000356
__end_of_goto_lico                   text24       0021EE
__end_of_init_rxtx                   text23       002738
__end_of_initialisation_afficheur    text20       001DC0
__end_of_initialisation_des_ports    text2        002658
__end_of_initialisation_du_systeme   text1        001814
__end_of_lecture_8bit_analogique     text19       0024A8
__end_of_lecture_normale             text6        001EA0
__end_of_main                        text0        002756
__end_of_plot1                       text16       001F72
__end_of_stid_delai_us               text7        0026CE
__end_of_tache1                      text14       0013BA
__end_of_tache2                      text11       001CDC
__end_of_tache3                      text10       001BA6
__end_of_tache4                      text9        0015E8
__end_of_tache5                      text8        001A3E
__end_of_tache6                      text5        002530
__end_of_tp_delai                    text12       0026F2
__end_of_wait_status_ok              text34       002266
__end_of_write_c_aff                 text33       00278A
__end_of_write_d_aff                 text32       002770
__end_ofi2_Init                      text15       002572
__initialization                     cinit        002686
__mediumconst                        mediumconst  000000
__pbssCOMRAM                         bssCOMRAM    00003C
__pcinit                             cinit        002686
__pcstackBANK0                       cstackBANK0  000081
__pcstackCOMRAM                      cstackCOMRAM 000021
__pdataCOMRAM                        dataCOMRAM   00004F
__pidataCOMRAM                       idataCOMRAM  00278A
__pintcode                           intcode      000008
__pnvCOMRAM                          nvCOMRAM     000048
__psmallconst                        smallconst   001000
__ptext0                             text0        002738
__ptext1                             text1        0015E8
__ptext10                            text10       001A3E
__ptext11                            text11       001BA6
__ptext12                            text12       0026CE
__ptext13                            text13       002266
__ptext14                            text14       00108C
__ptext15                            text15       002530
__ptext16                            text16       001EA0
__ptext17                            text17       002036
__ptext18                            text18       001F72
__ptext19                            text19       00245C
__ptext2                             text2        002620
__ptext20                            text20       001CDC
__ptext21                            text21       0026F2
__ptext22                            text22       002572
__ptext23                            text23       002716
__ptext24                            text24       002176
__ptext25                            text25       0022DA
__ptext26                            text26       0020E6
__ptext27                            text27       0023BC
__ptext28                            text28       0025AC
__ptext29                            text29       0025E6
__ptext3                             text3        0024A8
__ptext30                            text30       00234E
__ptext31                            text31       00240E
__ptext32                            text32       002756
__ptext33                            text33       002770
__ptext34                            text34       0021EE
__ptext35                            text35       002658
__ptext36                            text36       000000
__ptext5                             text5        0024EE
__ptext6                             text6        001DC0
__ptext7                             text7        0026AA
__ptext8                             text8        001814
__ptext9                             text9        0013BA
__ramtop                             ramtop       001000
__smallconst                         smallconst   001000
_badge                               (abs)        000075
_batterie                            (abs)        000074
_check_status_ok                     text22       002572
_clear_graphics                      text29       0025E6
_clear_text                          text28       0025AC
_command                             text21       0026F2
_contexte1                           (abs)        000100
_contexte2                           (abs)        000200
_contexte3                           (abs)        000300
_contexte4                           (abs)        000400
_contexte5                           (abs)        000500
_contexte6                           (abs)        000600
_d1command                           text31       00240E
_d2command                           text30       00234E
_delai_us_char                       text35       002658
_draw_char                           text27       0023BC
_draw_hex8                           text26       0020E6
_draw_string                         text25       0022DA
_fonction_d_interruption             intcode      000008
_fptr                                nvCOMRAM     000048
_goto_lico                           text24       002176
_init_rxtx                           text23       002716
_initialisation_afficheur            text20       001CDC
_initialisation_des_ports            text2        002620
_initialisation_du_systeme           text1        0015E8
_lecture_8bit_analogique             text19       00245C
_lecture_normale                     text6        001DC0
_main                                text0        002738
_n_octet_badge                       (abs)        00007F
_plot1                               text16       001EA0
_pointeur_de_tache                   (abs)        000070
_puc                                 nvCOMRAM     00004B
_queue                               (abs)        000069
_stid_delai_us                       text7        0026AA
_tache1                              text14       00108C
_tache2                              text11       001BA6
_tache3                              text10       001A3E
_tache4                              text9        0013BA
_tache5                              text8        001814
_tache6                              text5        0024EE
_tache_active                        (abs)        00006F
_tc                                  bssCOMRAM    00003C
_tp_delai                            text12       0026CE
_val_tos                             nvCOMRAM     00004D
_vitesse                             (abs)        000073
_wait_status_ok                      text34       0021EE
_write_c_aff                         text33       002770
_write_d_aff                         text32       002756
btemp                                temp         000001
check_status_ok@res                  cstackCOMRAM 000021
clear_graphics@add                   cstackCOMRAM 000029
clear_text@add                       cstackCOMRAM 000029
command@cmd                          cstackCOMRAM 000025
d1command@cmd                        cstackCOMRAM 000025
d1command@d1                         cstackCOMRAM 000026
d1command@res                        cstackCOMRAM 000027
d2command@cmd                        cstackCOMRAM 000026
d2command@d1                         cstackCOMRAM 000027
d2command@d2                         cstackCOMRAM 000025
d2command@res                        cstackCOMRAM 000028
delai_us_char@ucdelai                cstackCOMRAM 000021
draw_char@dccar                      cstackCOMRAM 000028
draw_hex8@c                          cstackCOMRAM 000029
draw_hex8@octet                      cstackCOMRAM 000028
draw_string@tableau                  cstackCOMRAM 000028
end_of_initialization                cinit        0026A4
goto_lico@adr                        cstackCOMRAM 00002D
goto_lico@colonne                    cstackCOMRAM 000029
goto_lico@ligne                      cstackCOMRAM 00002C
i2Init@sem                           cstackCOMRAM 000023
i2_Init                              text15       002530
initialisation_afficheur@error_count cstackCOMRAM 000029
initialisation_du_systeme@temp       cstackBANK0  000081
intlevel0                            text         000000
intlevel1                            text         000000
intlevel2                            text         000000
intlevel3                            text         000000
isa$std                              (abs)        000001
isa$xinst                            (abs)        000000
lecture_8bit_analogique@channel      cstackCOMRAM 000022
lecture_8bit_analogique@ret          cstackCOMRAM 000021
lecture_normale@n_bit                cstackCOMRAM 000027
lecture_normale@n_octet              cstackCOMRAM 000026
lecture_normale@octet                cstackCOMRAM 000028
lecture_normale@stid_id              cstackCOMRAM 000023
lecture_normale@temps_attente        cstackCOMRAM 000025
lltemp0                              temp         000001
lltemp1                              temp         000009
lltemp2                              temp         000011
lltemp3                              temp         000019
ltemp0                               temp         000001
ltemp1                               temp         000005
ltemp2                               temp         000009
plot1@add                            cstackCOMRAM 00002C
plot1@x                              cstackCOMRAM 00002E
plot1@y                              cstackCOMRAM 000029
stackhi                              (abs)        000F15
stacklo                              (abs)        000642
start                                init         000356
start_initialization                 cinit        002686
stid_delai_us@isdu                   cstackCOMRAM 000021
tache1@i                             cstackCOMRAM 00002F
tache2@hx                            cstackCOMRAM 00002E
tache2@hy                            cstackCOMRAM 000030
tache2@ix                            cstackCOMRAM 00002A
tache2@iy                            cstackCOMRAM 00002C
tache2@lx                            cstackCOMRAM 00002F
tache2@ly                            cstackCOMRAM 000031
tache5@a                             cstackCOMRAM 000021
tache6@n                             cstackCOMRAM 000029
tp_delai@itpd                        cstackCOMRAM 000021
ttemp0                               temp         000001
ttemp1                               temp         000004
ttemp2                               temp         000007
ttemp3                               temp         00000A
ttemp5                               temp         000002
ttemp6                               temp         000005
ttemp7                               temp         000009
wait_status_ok@err                   cstackCOMRAM 000022
wait_status_ok@res                   cstackCOMRAM 000024
wait_status_ok@status                cstackCOMRAM 000023
write_c_aff@command                  cstackCOMRAM 000021
write_d_aff@data                     cstackCOMRAM 000021
wtemp0                               temp         000001
wtemp1                               temp         000003
wtemp2                               temp         000005
wtemp3                               temp         000007
wtemp4                               temp         000009
wtemp5                               temp         00000B
wtemp8                               temp         000002


MODULE INFORMATION

Module		Function		Class		Link	Load	Size
T6.c
		_tache6        		CODE           	24EE	0000	66

T6.c estimated size: 66

semaphore.c
		_Init          		CODE           	24A8	0000	70

semaphore.c estimated size: 70

T4.c
		_tache4        		CODE           	13BA	0000	558

T4.c estimated size: 558

afficheur.c
		_d2command     		CODE           	234E	0000	110
		_write_d_aff   		CODE           	2756	0000	26
		_clear_text    		CODE           	25AC	0000	58
		_initialisation_afficheur		CODE           	1CDC	0000	228
		_write_c_aff   		CODE           	2770	0000	26
		_clear_graphics		CODE           	25E6	0000	58
		_draw_hex8     		CODE           	20E6	0000	144
		_delai_us_char 		CODE           	2658	0000	46
		_draw_string   		CODE           	22DA	0000	116
		_plot1         		CODE           	1EA0	0000	210
		_goto_lico     		CODE           	2176	0000	120
		_command       		CODE           	26F2	0000	36
		_wait_status_ok		CODE           	21EE	0000	120
		_draw_char     		CODE           	23BC	0000	82
		_d1command     		CODE           	240E	0000	78
		_check_status_ok		CODE           	2572	0000	58

afficheur.c estimated size: 1516

T2.c
		_tache2        		CODE           	1BA6	0000	310
		_tp_delai      		CODE           	26CE	0000	36

T2.c estimated size: 346

systeme.c
		_initialisation_du_systeme		CODE           	15E8	0000	556
		_fonction_d_interruption		CODE           	0008	0000	846

systeme.c estimated size: 1402

stid.c
		_lecture_normale		CODE           	1DC0	0000	224
		_stid_delai_us 		CODE           	26AA	0000	36

stid.c estimated size: 260

T5.c
		_tache5        		CODE           	1814	0000	554

T5.c estimated size: 554

T3.c
		_tache3        		CODE           	1A3E	0000	360

T3.c estimated size: 360

C:\Program Files\Microchip\xc8\v2.45\pic\sources\c99\common\awmod.c
		___awmod       		CODE           	2036	0000	176

C:\Program Files\Microchip\xc8\v2.45\pic\sources\c99\common\awmod.c estimated size: 176

shared
		i2_Init        		CODE           	2530	0000	66
		__initialization		CODE           	2686	0000	30

shared estimated size: 96

T1.c
		_tache1        		CODE           	108C	0000	814

T1.c estimated size: 814

rxtx.c
		_init_rxtx     		CODE           	2716	0000	34

rxtx.c estimated size: 34

main.c
		_initialisation_des_ports		CODE           	2620	0000	56
		_main          		CODE           	2738	0000	30
		_lecture_8bit_analogique		CODE           	245C	0000	76

main.c estimated size: 162

C:\Program Files\Microchip\xc8\v2.45\pic\sources\c99\common\lwdiv.c
		___lwdiv       		CODE           	2266	0000	116

C:\Program Files\Microchip\xc8\v2.45\pic\sources\c99\common\lwdiv.c estimated size: 116

C:\Program Files\Microchip\xc8\v2.45\pic\sources\c99\common\awdiv.c
		___awdiv       		CODE           	1F72	0000	196

C:\Program Files\Microchip\xc8\v2.45\pic\sources\c99\common\awdiv.c estimated size: 196

