Microchip MPLAB XC8 Compiler V2.50

Linker command line:

--edf=/Applications/microchip/xc8/v2.50/pic/dat/20240725155939_en.msgs -cn \
  -h+dist/default/production/TP_STR.X.production.sym \
  --cmf=dist/default/production/TP_STR.X.production.cmf -z -Q18F87K22 \
  -o/tmp/xcQNSGVVZ/driver_tmp_3.o --defsym=__MPLAB_BUILD=1 \
  --fixupoverflow=error -Mdist/default/production/TP_STR.X.production.map \
  --md=/tmp/xcQNSGVVZ/driver_tmp_0.dat -E1 -ver=XC8 Compiler --acfsm=1493 \
  -ASTACK=0746h-0F15h -pstack=STACK -ACODE=00h-01FFFFh -ACONST=00h-01FFFFh \
  -ASMALLCONST=01000h-010FFhx496 \
  -AMEDIUMCONST=01000h-0FFFFh,011000h-01FFFFh -ACOMRAM=01h-05Fh \
  -AABS1=00h-0F15h -ABIGRAM=01h-0F15h \
  -ARAM=060h-0FFh,0100h-01FFhx14,0F00h-0F15h -ABANK0=060h-0FFh \
  -ABANK1=0100h-01FFh -ABANK2=0200h-02FFh -ABANK3=0300h-03FFh \
  -ABANK4=0400h-04FFh -ABANK5=0500h-05FFh -ABANK6=0600h-06FFh \
  -ABANK7=0700h-07FFh -ABANK8=0800h-08FFh -ABANK9=0900h-09FFh \
  -ABANK10=0A00h-0AFFh -ABANK11=0B00h-0BFFh -ABANK12=0C00h-0CFFh \
  -ABANK13=0D00h-0DFFh -ABANK14=0E00h-0EFFh -ABANK15=0F00h-0F15h \
  -ASFR=0F16h-0F5Fh,0F60h-0FFFh -ABIGSFR=0F16h-0FFFh \
  -ACONFIG=0300000h-030000Dh -AIDLOC=0200000h-0200007h \
  -AEEDATA=0F00000h-0F003FFh -peeprom_data=EEDATA \
  -preset_vec=00h,intcode=8h,intcodelo,powerup,init -pramtop=01000h \
  -psmallconst=SMALLCONST -pmediumconst=MEDIUMCONST -pconst=CONST \
  -AFARRAM=00h-00h \
  -prdata=COMRAM,nvrram=COMRAM,nvbit=COMRAM,rbss=COMRAM,rbit=COMRAM \
  -pfarbss=FARRAM,fardata=FARRAM,nvFARRAM=FARRAM \
  -pintsave_regs=BIGRAM,bigbss=BIGRAM,bigdata=BIGRAM -pbss=RAM \
  -pidata=CODE,irdata=CODE,ibigdata=CODE,ifardata=CODE -prparam=COMRAM \
  /tmp/xcQNSGVVZ/driver_tmp_9.o \
  dist/default/production/TP_STR.X.production.o 

Object code version is 3.11

Machine type is 18F87K22



                Name                               Link     Load   Length Selector   Space Scale
/tmp/xcQNSGVVZ/driver_tmp_9.o
                stack                               746      746      7D0      746       2
                idloc                            200000   200000        8        0       5
                config                           300000   300000        E        0       4
                init                                39C      39C        4        4       0
                reset_vec                             0        0        4        0       0
dist/default/production/TP_STR.X.production.o
                intcode                               8        8      394        4       0
                idloc                            200000   200000        8        0       5
                config                           300000   300000        E        0       4
                temp                                 35       35        1        1       1
                smallconst                         1000     1000        2      800       0
                text32                             21E8     21E8       2E      801       0
                text31                             1EA0     1EA0       74      801       0
                text30                             22B6     22B6       18      801       0
                text29                             229E     229E       18      801       0
                text28                             203A     203A       4C      801       0
                text27                             1F14     1F14       6C      801       0
                text26                             2144     2144       3A      801       0
                text25                             210A     210A       3A      801       0
                text24                             225E     225E       22      801       0
                text23                             217E     217E       38      801       0
                text22                             223A     223A       24      801       0
                text21                             19D8     19D8       DC      801       0
                text20                             2086     2086       48      801       0
                text19                             2216     2216       24      801       0
                text18                             1AB4     1AB4       D8      801       0
                text17                             1D0E     1D0E       AA      801       0
                text16                             1F80     1F80       60      801       0
                text15                             12D0     12D0      238      801       0
                text14                             16E8     16E8      1CA      801       0
                text13                             22F2     22F2        6      801       0
                text12                             1B8C     1B8C       C2      801       0
                text11                             1C4E     1C4E       C0      801       0
                text10                             1E2C     1E2C       74      801       0
                text9                              20CE     20CE       3C      801       0
                text8                              1FE0     1FE0       5A      801       0
                text7                              1DB8     1DB8       74      801       0
                text6                              18B2     18B2      126      801       0
                text5                              1002     1002      2CE      801       0
                text3                              21B6     21B6       32      801       0
                text2                              1508     1508      1E0      801       0
                text1                              22CE     22CE       14      801       0
                cstackCOMRAM                          1        1       2B        1       1
                cstackBANK0hh                        94       94        1       94       1
                bssCOMRAM                            32       32        3        1       1
                cinit                              22E2     22E2       10      801       0
                nvCOMRAM                             2C       2C        6        1       1
                text0                              2280     2280       1E      801       0

TOTAL           Name                               Link     Load   Length     Space
        CLASS   STACK          
                stack                               746      746      7D0         2

        CLASS   CODE           
                intcode                               8        8      394         0
                init                                39C      39C        4         0
                reset_vec                             0        0        4         0
                text32                             21E8     21E8       2E         0
                text31                             1EA0     1EA0       74         0
                text30                             22B6     22B6       18         0
                text29                             229E     229E       18         0
                text28                             203A     203A       4C         0
                text27                             1F14     1F14       6C         0
                text26                             2144     2144       3A         0
                text25                             210A     210A       3A         0
                text24                             225E     225E       22         0
                text23                             217E     217E       38         0
                text22                             223A     223A       24         0
                text21                             19D8     19D8       DC         0
                text20                             2086     2086       48         0
                text19                             2216     2216       24         0
                text18                             1AB4     1AB4       D8         0
                text17                             1D0E     1D0E       AA         0
                text16                             1F80     1F80       60         0
                text15                             12D0     12D0      238         0
                text14                             16E8     16E8      1CA         0
                text13                             22F2     22F2        6         0
                text12                             1B8C     1B8C       C2         0
                text11                             1C4E     1C4E       C0         0
                text10                             1E2C     1E2C       74         0
                text9                              20CE     20CE       3C         0
                text8                              1FE0     1FE0       5A         0
                text7                              1DB8     1DB8       74         0
                text6                              18B2     18B2      126         0
                text5                              1002     1002      2CE         0
                text3                              21B6     21B6       32         0
                text2                              1508     1508      1E0         0
                text1                              22CE     22CE       14         0
                cinit                              22E2     22E2       10         0
                text0                              2280     2280       1E         0

        CLASS   CONST          

        CLASS   SMALLCONST     
                smallconst                         1000     1000        2         0

        CLASS   MEDIUMCONST    

        CLASS   COMRAM         
                temp                                 35       35        1         1
                cstackCOMRAM                          1        1       2B         1
                bssCOMRAM                            32       32        3         1
                nvCOMRAM                             2C       2C        6         1

        CLASS   ABS1           
                abs_s1                               60       60        6         1
                abs_s1                               69       69        A         1
                abs_s1                               80       80        5         1
                abs_s1                               90       90        4         1
                abs_s1                              100      100       42         1
                abs_s1                              103      103        1         1
                abs_s1                              200      200       42         1
                abs_s1                              203      203        1         1
                abs_s1                              300      300       42         1
                abs_s1                              303      303        1         1
                abs_s1                              400      400       42         1
                abs_s1                              403      403        1         1
                abs_s1                              500      500       42         1
                abs_s1                              503      503        1         1
                abs_s1                              600      600       42         1
                abs_s1                              603      603        1         1
                abs_s1                              700      700        2         1
                abs_s1                              705      705       10         1
                abs_s1                              730      730        A         1
                abs_s1                              745      745        1         1

        CLASS   BIGRAM         

        CLASS   RAM            

        CLASS   BANK0          
                cstackBANK0hh                        94       94        1         1

        CLASS   BANK1          

        CLASS   BANK2          

        CLASS   BANK3          

        CLASS   BANK4          

        CLASS   BANK5          

        CLASS   BANK6          

        CLASS   BANK7          

        CLASS   BANK8          

        CLASS   BANK9          

        CLASS   BANK10         

        CLASS   BANK11         

        CLASS   BANK12         

        CLASS   BANK13         

        CLASS   BANK14         

        CLASS   BANK15         

        CLASS   SFR            

        CLASS   BIGSFR         

        CLASS   CONFIG         
                config                           300000   300000        E         4

        CLASS   IDLOC          
                idloc                            200000   200000        8         5

        CLASS   EEDATA         

        CLASS   FARRAM         

        CLASS   HEAP           



SEGMENTS        Name                           Load    Length   Top    Selector   Space  Class

                cstackCOMRAM                   000001  000035  000036         1       1  COMRAM  
                reset_vec                      000000  000004  000004         0       0  CODE    
                cstackBANK0hh                  000094  000001  000095        94       1  BANK0   
                text5                          001002  0012F6  0022F8       801       0  CODE    
                stack                          000746  0007D0  000F16       746       2  STACK   
                smallconst                     001000  000002  001002       800       0  SMALLCON
                intcode                        000008  000398  0003A0         4       0  CODE    


UNUSED ADDRESS RANGES

        Name                Unused          Largest block    Delta
        BANK0            000066-000068                3
                         000073-00007F                D
                         000085-00008F                B
                         000095-0000FF               6B
        BANK1            000142-0001FF               BE
        BANK10           000A00-000AFF              100
        BANK11           000B00-000BFF              100
        BANK12           000C00-000CFF              100
        BANK13           000D00-000DFF              100
        BANK14           000E00-000EFF              100
        BANK15           000F00-000F15               16
        BANK2            000242-0002FF               BE
        BANK3            000342-0003FF               BE
        BANK4            000442-0004FF               BE
        BANK5            000542-0005FF               BE
        BANK6            000642-0006FF               BE
        BANK7            000702-000704                3
                         000715-00072F               1B
                         00073A-000744                B
                         000746-0007FF               BA
        BANK8            000800-0008FF              100
        BANK9            000900-0009FF              100
        BIGRAM           000036-00005F               2A
                         000066-000068                3
                         000073-00007F                D
                         000085-00008F                B
                         000095-0000FF               6B
                         000142-0001FF               BE
                         000242-0002FF               BE
                         000342-0003FF               BE
                         000442-0004FF               BE
                         000542-0005FF               BE
                         000642-0006FF               BE
                         000702-000704                3
                         000715-00072F               1B
                         00073A-000744                B
                         000746-000F15              7D0
        BIGSFR           000F16-000FFF               EA
        CODE             000004-000007                4
                         0003A0-000FFF              C60
                         0022F8-01FFFF            1DD08
        COMRAM           000036-00005F               2A
        CONST            000004-000007                4
                         0003A0-000FFF              C60
                         0022F8-01FFFF            1DD08
        EEDATA           F00000-F003FF              400
        MEDIUMCONST      0022F8-00FFFF             DD08
                         011000-01FFFF             F000
        RAM              000066-000068                3
                         000073-00007F                D
                         000085-00008F                B
                         000095-0000FF               6B
                         000142-0001FF               BE
                         000242-0002FF               BE
                         000342-0003FF               BE
                         000442-0004FF               BE
                         000542-0005FF               BE
                         000642-0006FF               BE
                         000702-000704                3
                         000715-00072F               1B
                         00073A-000744                B
                         000746-000F15              100
        SFR              000F16-000FFF               4A
        SMALLCONST       0022F8-01FFFF              100

                                  Symbol Table

?___awdiv                            cstackCOMRAM  000001
?___lwdiv                            cstackCOMRAM  000001
_ADCON0                              (abs)         000FC2
_ADCON0bits                          (abs)         000FC2
_ADCON1                              (abs)         000FC1
_ADCON2                              (abs)         000FC0
_ADRESH                              (abs)         000FC4
_ADRESL                              (abs)         000FC3
_ANALOG_JOYSTICK_X                   (abs)         000708
_ANALOG_JOYSTICK_Y                   (abs)         000709
_ANALOG_TEMP_EAU                     (abs)         000707
_ANALOG_TEMP_HUILE                   (abs)         000706
_ANCON0                              (abs)         000F25
_ANCON0bits                          (abs)         000F25
_ANCON1                              (abs)         000F24
_ANCON1bits                          (abs)         000F24
_ANCON2                              (abs)         000F23
_BAUDCON1                            (abs)         000F65
_BSR                                 (abs)         000FE0
_BSR_TEMPORAIRE                      (abs)         000062
_DEMARRAGE                           (abs)         000065
_EEADR                               (abs)         000F62
_EECON1bits                          (abs)         000F7F
_EECON2                              (abs)         000F7E
_EEDATA                              (abs)         000F61
_FSR0H                               (abs)         000FEA
_FSR0H_TEMPORAIRE                    (abs)         000063
_FSR0L                               (abs)         000FE9
_FSR0L_TEMPORAIRE                    (abs)         000064
_FSR1H                               (abs)         000FE2
_FSR1L                               (abs)         000FE1
_FSR2H                               (abs)         000FDA
_FSR2L                               (abs)         000FD9
_INTCON2bits                         (abs)         000FF1
_INTCONbits                          (abs)         000FF2
_LATCbits                            (abs)         000F8B
_LATDbits                            (abs)         000F8C
_LATGbits                            (abs)         000F8F
_LATH                                (abs)         000F90
_LATJ                                (abs)         000F91
_LATJbits                            (abs)         000F91
_MEMCON                              (abs)         000F26
_PADCFG1bits                         (abs)         000F53
_PCLATH                              (abs)         000FFA
_PCLATU                              (abs)         000FFB
_PIR1bits                            (abs)         000F9E
_PORTBbits                           (abs)         000F81
_PORTDbits                           (abs)         000F83
_PORTEbits                           (abs)         000F84
_PORTH                               (abs)         000F87
_POSTINC0                            (abs)         000FEE
_POSTINC1                            (abs)         000FE6
_PRODH                               (abs)         000FF4
_PRODL                               (abs)         000FF3
_RCSTA1                              (abs)         000FAB
_RXTX_libre                          (abs)         000080
_SPBRG1                              (abs)         000FAF
_SPBRGH1                             (abs)         000FD4
_STATUS                              (abs)         000FD8
_STATUS_TEMPORAIRE                   (abs)         000061
_STKPTR                              (abs)         000FFC
_STKPTR_T1                           (abs)         000103
_STKPTR_T2                           (abs)         000203
_STKPTR_T3                           (abs)         000303
_STKPTR_T4                           (abs)         000403
_STKPTR_T5                           (abs)         000503
_STKPTR_T6                           (abs)         000603
_T0CON                               (abs)         000FD5
_T0CONbits                           (abs)         000FD5
_T0IE                                (abs)         007F95
_T0IF                                (abs)         007F92
_TABLAT                              (abs)         000FF5
_TBLPTRH                             (abs)         000FF7
_TBLPTRL                             (abs)         000FF6
_TBLPTRU                             (abs)         000FF8
_TMR0                                (abs)         000FD6
_TOSH                                (abs)         000FFE
_TOSL                                (abs)         000FFD
_TOSU                                (abs)         000FFF
_TRISCbits                           (abs)         000F94
_TRISDbits                           (abs)         000F95
_TRISGbits                           (abs)         000F98
_TRISH                               (abs)         000F99
_TRISJ                               (abs)         000F9A
_TXREG1                              (abs)         000FAD
_TXSTA1                              (abs)         000FAC
_TXSTA1bits                          (abs)         000FAC
_Tick_Count                          (abs)         000071
_WREG                                (abs)         000FE8
_W_TEMPORAIRE                        (abs)         000060
__HRAM                               (abs)         000000
__H__absolute__                      __absolute__  000000
__Habs1                              abs1          000000
__Hbank0                             bank0         000000
__Hbank1                             bank1         000000
__Hbank10                            bank10        000000
__Hbank11                            bank11        000000
__Hbank12                            bank12        000000
__Hbank13                            bank13        000000
__Hbank14                            bank14        000000
__Hbank15                            bank15        000000
__Hbank2                             bank2         000000
__Hbank3                             bank3         000000
__Hbank4                             bank4         000000
__Hbank5                             bank5         000000
__Hbank6                             bank6         000000
__Hbank7                             bank7         000000
__Hbank8                             bank8         000000
__Hbank9                             bank9         000000
__Hbigbss                            bigbss        000000
__Hbigdata                           bigdata       000000
__Hbigram                            bigram        000000
__Hbigsfr                            bigsfr        000000
__Hbss                               bss           000000
__HbssCOMRAM                         bssCOMRAM     000000
__Hcinit                             cinit         000000
__Hclrtext                           clrtext       000000
__Hcomram                            comram        000000
__Hconfig                            config        30000E
__Hconst                             const         000000
__HcstackBANK0hh                     cstackBANK0hh 000000
__HcstackCOMRAM                      cstackCOMRAM  000000
__Hdata                              data          000000
__Heeprom_data                       eeprom_data   000000
__Hfarbss                            farbss        000000
__Hfardata                           fardata       000000
__Hheap                              heap          000000
__Hibigdata                          ibigdata      000000
__Hidata                             idata         000000
__Hidloc                             idloc         200008
__Hifardata                          ifardata      000000
__Hinit                              init          0003A0
__Hintcode                           intcode       00039C
__Hintcode_body                      intcode_body  000000
__Hintcodelo                         intcodelo     00039C
__Hintentry                          intentry      000000
__Hintret                            intret        000000
__Hintsave_regs                      intsave_regs  000000
__Hirdata                            irdata        000000
__Hmediumconst                       mediumconst   000000
__HnvCOMRAM                          nvCOMRAM      000000
__HnvFARRAM                          nvFARRAM      000000
__Hnvbit                             nvbit         000000
__Hnvrram                            nvrram        000000
__Hparam                             rparam        000000
__Hpowerup                           powerup       00039C
__Hram                               ram           000000
__Hramtop                            ramtop        001000
__Hrbit                              rbit          000000
__Hrbss                              rbss          000000
__Hrdata                             rdata         000000
__Hreset_vec                         reset_vec     000004
__Hrparam                            rparam        000000
__Hsfr                               sfr           000000
__Hsivt_hi                           sivt_hi       000000
__Hsivt_lo                           sivt_lo       000000
__Hsmallconst                        smallconst    001002
__Hspace_0                           (abs)         0022F8
__Hspace_1                           (abs)         000095
__Hspace_2                           (abs)         000F16
__Hspace_4                           (abs)         60000E
__Hstack                             stack         000F16
__Hstruct                            struct        000000
__Htemp                              temp          000036
__Htext                              text          000000
__Htext0                             text0         000000
__Htext1                             text1         000000
__Htext10                            text10        000000
__Htext11                            text11        000000
__Htext12                            text12        000000
__Htext13                            text13        000000
__Htext14                            text14        000000
__Htext15                            text15        000000
__Htext16                            text16        000000
__Htext17                            text17        000000
__Htext18                            text18        000000
__Htext19                            text19        000000
__Htext2                             text2         000000
__Htext20                            text20        000000
__Htext21                            text21        000000
__Htext22                            text22        000000
__Htext23                            text23        000000
__Htext24                            text24        000000
__Htext25                            text25        000000
__Htext26                            text26        000000
__Htext27                            text27        000000
__Htext28                            text28        000000
__Htext29                            text29        000000
__Htext3                             text3         000000
__Htext30                            text30        000000
__Htext31                            text31        000000
__Htext32                            text32        000000
__Htext5                             text5         000000
__Htext6                             text6         000000
__Htext7                             text7         000000
__Htext8                             text8         000000
__Htext9                             text9         000000
__LRAM                               (abs)         000001
__L__absolute__                      __absolute__  000000
__Labs1                              abs1          000000
__Lbank0                             bank0         000000
__Lbank1                             bank1         000000
__Lbank10                            bank10        000000
__Lbank11                            bank11        000000
__Lbank12                            bank12        000000
__Lbank13                            bank13        000000
__Lbank14                            bank14        000000
__Lbank15                            bank15        000000
__Lbank2                             bank2         000000
__Lbank3                             bank3         000000
__Lbank4                             bank4         000000
__Lbank5                             bank5         000000
__Lbank6                             bank6         000000
__Lbank7                             bank7         000000
__Lbank8                             bank8         000000
__Lbank9                             bank9         000000
__Lbigbss                            bigbss        000000
__Lbigdata                           bigdata       000000
__Lbigram                            bigram        000000
__Lbigsfr                            bigsfr        000000
__Lbss                               bss           000000
__LbssCOMRAM                         bssCOMRAM     000000
__Lcinit                             cinit         000000
__Lclrtext                           clrtext       000000
__Lcomram                            comram        000000
__Lconfig                            config        000000
__Lconst                             const         000000
__LcstackBANK0hh                     cstackBANK0hh 000000
__LcstackCOMRAM                      cstackCOMRAM  000000
__Ldata                              data          000000
__Leeprom_data                       eeprom_data   000000
__Lfarbss                            farbss        000000
__Lfardata                           fardata       000000
__Lheap                              heap          000000
__Libigdata                          ibigdata      000000
__Lidata                             idata         000000
__Lidloc                             idloc         000000
__Lifardata                          ifardata      000000
__Linit                              init          00039C
__Lintcode                           intcode       000008
__Lintcode_body                      intcode_body  000000
__Lintcodelo                         intcodelo     00039C
__Lintentry                          intentry      000000
__Lintret                            intret        000000
__Lintsave_regs                      intsave_regs  000000
__Lirdata                            irdata        000000
__Lmediumconst                       mediumconst   000000
__LnvCOMRAM                          nvCOMRAM      000000
__LnvFARRAM                          nvFARRAM      000000
__Lnvbit                             nvbit         000000
__Lnvrram                            nvrram        000000
__Lparam                             rparam        000000
__Lpowerup                           powerup       00039C
__Lram                               ram           000000
__Lramtop                            ramtop        001000
__Lrbit                              rbit          000000
__Lrbss                              rbss          000000
__Lrdata                             rdata         000000
__Lreset_vec                         reset_vec     000000
__Lrparam                            rparam        000000
__Lsfr                               sfr           000000
__Lsivt_hi                           sivt_hi       000000
__Lsivt_lo                           sivt_lo       000000
__Lsmallconst                        smallconst    001000
__Lspace_0                           (abs)         000000
__Lspace_1                           (abs)         000000
__Lspace_2                           (abs)         000000
__Lspace_4                           (abs)         000000
__Lstack                             stack         000746
__Lstruct                            struct        000000
__Ltemp                              temp          000035
__Ltext                              text          000000
__Ltext0                             text0         000000
__Ltext1                             text1         000000
__Ltext10                            text10        000000
__Ltext11                            text11        000000
__Ltext12                            text12        000000
__Ltext13                            text13        000000
__Ltext14                            text14        000000
__Ltext15                            text15        000000
__Ltext16                            text16        000000
__Ltext17                            text17        000000
__Ltext18                            text18        000000
__Ltext19                            text19        000000
__Ltext2                             text2         000000
__Ltext20                            text20        000000
__Ltext21                            text21        000000
__Ltext22                            text22        000000
__Ltext23                            text23        000000
__Ltext24                            text24        000000
__Ltext25                            text25        000000
__Ltext26                            text26        000000
__Ltext27                            text27        000000
__Ltext28                            text28        000000
__Ltext29                            text29        000000
__Ltext3                             text3         000000
__Ltext30                            text30        000000
__Ltext31                            text31        000000
__Ltext32                            text32        000000
__Ltext5                             text5         000000
__Ltext6                             text6         000000
__Ltext7                             text7         000000
__Ltext8                             text8         000000
__Ltext9                             text9         000000
__S0                                 (abs)         0022F8
__S1                                 (abs)         000095
__S2                                 (abs)         000F16
__S4                                 (abs)         000000
__S5                                 (abs)         000000
___awdiv                             text12        001B8C
___awdiv@counter                     cstackCOMRAM  000005
___awdiv@dividend                    cstackCOMRAM  000001
___awdiv@divisor                     cstackCOMRAM  000003
___awdiv@quotient                    cstackCOMRAM  000007
___awdiv@sign                        cstackCOMRAM  000006
___extmem_base                       (abs)         020000
___heap_hi                           (abs)         000000
___heap_lo                           (abs)         000000
___inthi_sp                          stack         000B2E
___inthi_stack_hi                    stack         000F16
___inthi_stack_lo                    stack         000B2E
___intlo_sp                          stack         000F16
___lbdiv                             text8         001FE0
___lbdiv@counter                     cstackCOMRAM  000003
___lbdiv@dividend                    cstackCOMRAM  000002
___lbdiv@divisor                     cstackCOMRAM  000001
___lbdiv@quotient                    cstackCOMRAM  000004
___lwdiv                             text7         001DB8
___lwdiv@counter                     cstackCOMRAM  000007
___lwdiv@dividend                    cstackCOMRAM  000001
___lwdiv@divisor                     cstackCOMRAM  000003
___lwdiv@quotient                    cstackCOMRAM  000005
___param_bank                        (abs)         000000
___rparam_used                       (abs)         000001
___sp                                stack         000746
___stack_hi                          stack         000B2E
___stack_lo                          stack         000746
__accesstop                          (abs)         000060
__activetblptr                       (abs)         000003
__end_of___awdiv                     text12        001C4E
__end_of___lbdiv                     text8         00203A
__end_of___lwdiv                     text7         001E2C
__end_of__initialization             cinit         0022E8
__end_of_check_status_ok             text23        0021B6
__end_of_clear_graphics              text26        00217E
__end_of_clear_text                  text25        002144
__end_of_command                     text22        00225E
__end_of_d1command                   text28        002086
__end_of_d2command                   text27        001F80
__end_of_delai_us_char               text32        002216
__end_of_draw_dec8                   text11        001D0E
__end_of_fonction_d_interruption     intcode       00039C
__end_of_goto_lico                   text10        001EA0
__end_of_init_rxtx                   text24        002280
__end_of_initialisation_afficheur    text21        001AB4
__end_of_initialisation_des_ports    text3         0021E8
__end_of_initialisation_du_systeme   text2         0016E8
__end_of_lecture_8bit_analogique     text20        0020CE
__end_of_lecture_normale             text18        001B8C
__end_of_main                        text0         00229E
__end_of_semaphore_init              text1         0022E2
__end_of_semaphore_release           text17        001DB8
__end_of_semaphore_tryacquire        text16        001FE0
__end_of_stid_delai_us               text19        00223A
__end_of_tache1                      text15        001508
__end_of_tache2                      text14        0018B2
__end_of_tache3                      text13        0022F8
__end_of_tache4                      text9         00210A
__end_of_tache5                      text6         0019D8
__end_of_tache6                      text5         0012D0
__end_of_wait_status_ok              text31        001F14
__end_of_write_c_aff                 text30        0022CE
__end_of_write_d_aff                 text29        0022B6
__initialization                     cinit         0022E2
__mediumconst                        mediumconst   000000
__pbssCOMRAM                         bssCOMRAM     000032
__pcinit                             cinit         0022E2
__pcstackBANK0hh                     cstackBANK0hh 000094
__pcstackCOMRAM                      cstackCOMRAM  000001
__pintcode                           intcode       000008
__pnvCOMRAM                          nvCOMRAM      00002C
__psmallconst                        smallconst    001000
__ptext0                             text0         002280
__ptext1                             text1         0022CE
__ptext10                            text10        001E2C
__ptext11                            text11        001C4E
__ptext12                            text12        001B8C
__ptext13                            text13        0022F2
__ptext14                            text14        0016E8
__ptext15                            text15        0012D0
__ptext16                            text16        001F80
__ptext17                            text17        001D0E
__ptext18                            text18        001AB4
__ptext19                            text19        002216
__ptext2                             text2         001508
__ptext20                            text20        002086
__ptext21                            text21        0019D8
__ptext22                            text22        00223A
__ptext23                            text23        00217E
__ptext24                            text24        00225E
__ptext25                            text25        00210A
__ptext26                            text26        002144
__ptext27                            text27        001F14
__ptext28                            text28        00203A
__ptext29                            text29        00229E
__ptext3                             text3         0021B6
__ptext30                            text30        0022B6
__ptext31                            text31        001EA0
__ptext32                            text32        0021E8
__ptext5                             text5         001002
__ptext6                             text6         0018B2
__ptext7                             text7         001DB8
__ptext8                             text8         001FE0
__ptext9                             text9         0020CE
__ramtop                             ramtop        001000
__smallconst                         smallconst    001000
_alarme_batterie                     (abs)         00070E
_alarme_choc                         (abs)         00070F
_alarme_cle                          (abs)         00070B
_alarme_conducteur                   (abs)         000710
_alarme_eau                          (abs)         00070C
_alarme_frein                        (abs)         00070A
_alarme_huile                        (abs)         00070D
_badge                               (abs)         000730
_batterie                            (abs)         000084
_buffer_batterie                     (abs)         000713
_buffer_vitesse_moins                (abs)         000701
_buffer_vitesse_plus                 (abs)         000700
_check_status_ok                     text23        00217E
_clear_graphics                      text26        002144
_clear_text                          text25        00210A
_command                             text22        00223A
_contexte1                           (abs)         000100
_contexte2                           (abs)         000200
_contexte3                           (abs)         000300
_contexte4                           (abs)         000400
_contexte5                           (abs)         000500
_contexte6                           (abs)         000600
_cptT5                               (abs)         000711
_d1command                           text28        00203A
_d2command                           text27        001F14
_delai_us_char                       text32        0021E8
_draw_dec8                           text11        001C4E
_fonction_d_interruption             intcode       000008
_fptr                                nvCOMRAM      00002C
_goto_lico                           text10        001E2C
_init_rxtx                           text24        00225E
_initialisation_afficheur            text21        0019D8
_initialisation_des_ports            text3         0021B6
_initialisation_du_systeme           text2         001508
_lecture_8bit_analogique             text20        002086
_lecture_normale                     text18        001AB4
_main                                text0         002280
_n                                   (abs)         000745
_n_octet_badge                       (abs)         000705
_passageT5                           (abs)         000712
_pointeur_de_tache                   (abs)         000070
_puc                                 nvCOMRAM      00002F
_queue                               (abs)         000069
_semaphore_init                      text1         0022CE
_semaphore_release                   text17        001D0E
_semaphore_tryacquire                text16        001F80
_semaphores                          (abs)         000090
_semtask1FLAG                        (abs)         000081
_semtask6FLAG                        (abs)         000082
_stid_delai_us                       text19        002216
_tache1                              text15        0012D0
_tache2                              text14        0016E8
_tache3                              text13        0022F2
_tache4                              text9         0020CE
_tache5                              text6         0018B2
_tache6                              text5         001002
_tache_active                        (abs)         00006F
_tc                                  bssCOMRAM     000032
_val_tos                             nvCOMRAM      000030
_vitesse                             (abs)         000083
_wait_status_ok                      text31        001EA0
_write_c_aff                         text30        0022B6
_write_d_aff                         text29        00229E
btemp                                temp          000035
check_status_ok@res                  cstackCOMRAM  000001
clear_graphics@add                   cstackCOMRAM  000009
clear_text@add                       cstackCOMRAM  000009
command@cmd                          cstackCOMRAM  000005
d1command@cmd                        cstackCOMRAM  000005
d1command@d1                         cstackCOMRAM  000006
d1command@res                        cstackCOMRAM  000007
d2command@cmd                        cstackCOMRAM  000006
d2command@d1                         cstackCOMRAM  000007
d2command@d2                         cstackCOMRAM  000005
d2command@res                        cstackCOMRAM  000008
delai_us_char@ucdelai                cstackCOMRAM  000001
draw_dec8@c                          cstackCOMRAM  00000E
draw_dec8@cent                       cstackCOMRAM  00000C
draw_dec8@dix                        cstackCOMRAM  00000D
draw_dec8@octet                      cstackCOMRAM  00000B
draw_dec8@unit                       cstackCOMRAM  00000A
end_of_initialization                cinit         0022E8
goto_lico@adr                        cstackCOMRAM  00000D
goto_lico@colonne                    cstackCOMRAM  000009
goto_lico@ligne                      cstackCOMRAM  00000C
initialisation_afficheur@error_count cstackCOMRAM  000009
initialisation_du_systeme@temp       cstackBANK0hh 000094
int$flags                            temp          000035
intlevel0                            text          000000
intlevel1                            text          000000
intlevel2                            text          000000
intlevel3                            text          000000
isa$std                              (abs)         000001
isa$xinst                            (abs)         000000
lecture_8bit_analogique@channel      cstackCOMRAM  000002
lecture_8bit_analogique@ret          cstackCOMRAM  000001
lecture_normale@n_bit                cstackCOMRAM  000007
lecture_normale@n_octet              cstackCOMRAM  000006
lecture_normale@octet                cstackCOMRAM  000008
lecture_normale@stid_id              cstackCOMRAM  000003
lecture_normale@temps_attente        cstackCOMRAM  000005
semaphore_init@jetons_initiaux       cstackBANK0hh 000094
semaphore_release@i                  cstackCOMRAM  000005
semaphore_release@nb_tsk             cstackCOMRAM  000004
semaphore_release@tache              cstackCOMRAM  000003
semaphore_tryacquire@tache           cstackCOMRAM  000003
stackhi                              (abs)         000F15
stacklo                              (abs)         000746
start                                init          00039C
start_initialization                 cinit         0022E2
stid_delai_us@isdu                   cstackCOMRAM  000001
tache5@average_speed                 cstackCOMRAM  000024
tache5@i                             cstackCOMRAM  000022
tache5@i_1559                        cstackCOMRAM  000023
tache5@length_tick                   cstackCOMRAM  000020
tache5@sample_count                  cstackCOMRAM  000025
tache5@sample_vitesse                cstackCOMRAM  00000C
tache6@a                             cstackCOMRAM  000013
tache6@analog_c                      cstackCOMRAM  00000A
tache6@battery_c                     cstackCOMRAM  00000C
tache6@choc                          cstackCOMRAM  00000E
tache6@drive_c                       cstackCOMRAM  000010
tache6@forks                         cstackCOMRAM  000012
tache6@frein                         cstackCOMRAM  00000D
tache6@ma_tache                      cstackCOMRAM  000015
tache6@oil_c                         cstackCOMRAM  000017
tache6@siege                         cstackCOMRAM  00000F
tache6@speed_c                       cstackCOMRAM  00000B
tache6@water_c                       cstackCOMRAM  000016
tache6@wheels                        cstackCOMRAM  000011
ttemp5                               temp          000036
ttemp6                               temp          000039
ttemp7                               temp          00003D
wait_status_ok@err                   cstackCOMRAM  000002
wait_status_ok@res                   cstackCOMRAM  000004
wait_status_ok@status                cstackCOMRAM  000003
write_c_aff@command                  cstackCOMRAM  000001
write_d_aff@data                     cstackCOMRAM  000001
wtemp8                               temp          000036


MODULE INFORMATION

Module		Function		Class		Link	Load	Size
T6.c
		_tache6        		CODE           	1002	0000	718

T6.c estimated size: 718

semaphore.c
		_semaphore_release		CODE           	1D0E	0000	170
		_semaphore_tryacquire		CODE           	1F80	0000	96
		_semaphore_init		CODE           	22CE	0000	20

semaphore.c estimated size: 286

T4.c
		_tache4        		CODE           	20CE	0000	60

T4.c estimated size: 60

afficheur.c
		_d2command     		CODE           	1F14	0000	108
		_write_d_aff   		CODE           	229E	0000	24
		_draw_dec8     		CODE           	1C4E	0000	192
		_clear_text    		CODE           	210A	0000	58
		_initialisation_afficheur		CODE           	19D8	0000	220
		_write_c_aff   		CODE           	22B6	0000	24
		_clear_graphics		CODE           	2144	0000	58
		_delai_us_char 		CODE           	21E8	0000	46
		_goto_lico     		CODE           	1E2C	0000	116
		_command       		CODE           	223A	0000	36
		_wait_status_ok		CODE           	1EA0	0000	116
		_d1command     		CODE           	203A	0000	76
		_check_status_ok		CODE           	217E	0000	56

afficheur.c estimated size: 1130

T2.c
		_tache2        		CODE           	16E8	0000	458

T2.c estimated size: 458

/Applications/microchip/xc8/v2.50/pic/sources/c99/common/lwdiv.c
		___lwdiv       		CODE           	1DB8	0000	116

/Applications/microchip/xc8/v2.50/pic/sources/c99/common/lwdiv.c estimated size: 116

systeme.c
		_initialisation_du_systeme		CODE           	1508	0000	480
		_fonction_d_interruption		CODE           	0008	0000	916

systeme.c estimated size: 1396

stid.c
		_lecture_normale		CODE           	1AB4	0000	216
		_stid_delai_us 		CODE           	2216	0000	36

stid.c estimated size: 252

T5.c
		_tache5        		CODE           	18B2	0000	294

T5.c estimated size: 294

/Applications/microchip/xc8/v2.50/pic/sources/c99/common/awdiv.c
		___awdiv       		CODE           	1B8C	0000	194

/Applications/microchip/xc8/v2.50/pic/sources/c99/common/awdiv.c estimated size: 194

T3.c
		_tache3        		CODE           	22F2	0000	6

T3.c estimated size: 6

shared
		__initialization		CODE           	22E2	0000	6

shared estimated size: 6

T1.c
		_tache1        		CODE           	12D0	0000	568

T1.c estimated size: 568

rxtx.c
		_init_rxtx     		CODE           	225E	0000	34

rxtx.c estimated size: 34

main.c
		_initialisation_des_ports		CODE           	21B6	0000	50
		_main          		CODE           	2280	0000	30
		_lecture_8bit_analogique		CODE           	2086	0000	72

main.c estimated size: 152

/Applications/microchip/xc8/v2.50/pic/sources/c99/common/lbdiv.c
		___lbdiv       		CODE           	1FE0	0000	90

/Applications/microchip/xc8/v2.50/pic/sources/c99/common/lbdiv.c estimated size: 90

