Microchip MPLAB XC8 Compiler V2.50

Linker command line:

--edf=/Applications/microchip/xc8/v2.50/pic/dat/20240725155939_en.msgs -cn \
  -h+dist/default/debug/TP_STR.X.debug.sym \
  --cmf=dist/default/debug/TP_STR.X.debug.cmf -z -Q18F87K22 \
  -o/tmp/xcYeOlg2b/driver_tmp_3.o --defsym=__MPLAB_BUILD=1 \
  --fixupoverflow=error -Mdist/default/debug/TP_STR.X.debug.map \
  --md=/tmp/xcYeOlg2b/driver_tmp_0.dat -E1 -ver=XC8 Compiler --acfsm=1493 \
  -ASTACK=0642h-0F15h -pstack=STACK -ACODE=00h-01FFFFh -ACONST=00h-01FFFFh \
  -ASMALLCONST=01000h-010FFhx496 \
  -AMEDIUMCONST=01000h-0FFFFh,011000h-01FFFFh -ACOMRAM=01h-05Fh \
  -AABS1=00h-0F15h -ABIGRAM=01h-0F15h \
  -ARAM=060h-0FFh,0100h-01FFhx14,0F00h-0F15h -ABANK0=060h-0FFh \
  -ABANK1=0100h-01FFh -ABANK2=0200h-02FFh -ABANK3=0300h-03FFh \
  -ABANK4=0400h-04FFh -ABANK5=0500h-05FFh -ABANK6=0600h-06FFh \
  -ABANK7=0700h-07FFh -ABANK8=0800h-08FFh -ABANK9=0900h-09FFh \
  -ABANK10=0A00h-0AFFh -ABANK11=0B00h-0BFFh -ABANK12=0C00h-0CFFh \
  -ABANK13=0D00h-0DFFh -ABANK14=0E00h-0EFFh -ABANK15=0F00h-0F15h \
  -ASFR=0F16h-0F5Fh,0F60h-0FFCh -ABIGSFR=0F16h-0FFCh \
  -ACONFIG=0300000h-030000Dh -AIDLOC=0200000h-0200007h \
  -AEEDATA=0F00000h-0F003FFh -peeprom_data=EEDATA \
  -preset_vec=00h,intcode=8h,intcodelo,powerup,init -pramtop=01000h \
  -psmallconst=SMALLCONST -pmediumconst=MEDIUMCONST -pconst=CONST \
  -AFARRAM=00h-00h \
  -prdata=COMRAM,nvrram=COMRAM,nvbit=COMRAM,rbss=COMRAM,rbit=COMRAM \
  -pfarbss=FARRAM,fardata=FARRAM,nvFARRAM=FARRAM \
  -pintsave_regs=BIGRAM,bigbss=BIGRAM,bigdata=BIGRAM -pbss=RAM \
  -pidata=CODE,irdata=CODE,ibigdata=CODE,ifardata=CODE -prparam=COMRAM \
  /tmp/xcYeOlg2b/driver_tmp_9.o dist/default/debug/TP_STR.X.debug.o 

Object code version is 3.11

Machine type is 18F87K22



                Name                               Link     Load   Length Selector   Space Scale
/tmp/xcYeOlg2b/driver_tmp_9.o
                stack                               642      642      8D4      642       2
                idloc                            200000   200000        8        0       5
                config                           300000   300000        E        0       4
                init                                39C      39C        4        4       0
                reset_vec                             0        0        6        0       0
dist/default/debug/TP_STR.X.debug.o
                intcode                               8        8      394        4       0
                idloc                            200000   200000        8        0       5
                config                           300000   300000        E        0       4
                temp                                 37       37        1        1       1
                smallconst                         1000     1000        2      800       0
                text34                             2448     2448       2E      801       0
                text33                             2106     2106       74      801       0
                text32                             2516     2516       18      801       0
                text31                             24FE     24FE       18      801       0
                text30                             22A0     22A0       4C      801       0
                text29                             217A     217A       6C      801       0
                text28                             236E     236E       3A      801       0
                text27                             2334     2334       3A      801       0
                text26                             24BE     24BE       22      801       0
                text25                             23E0     23E0       38      801       0
                text24                             249A     249A       24      801       0
                text23                             1BBE     1BBE       DC      801       0
                text22                             22EC     22EC       48      801       0
                text21                             2476     2476       24      801       0
                text20                             1C9A     1C9A       D4      801       0
                text19                             1EF0     1EF0       AA      801       0
                text18                             21E6     21E6       60      801       0
                text17                             12D0     12D0      23A      801       0
                text16                             16EA     16EA      1DC      801       0
                text15                             2556     2556       10      801       0
                text14                             2418     2418       30      801       0
                text13                             18C6     18C6      1C0      801       0
                text12                             1D6E     1D6E       C2      801       0
                text11                             1E30     1E30       C0      801       0
                text10                             2092     2092       74      801       0
                text9                              1F9A     1F9A       84      801       0
                text8                              2246     2246       5A      801       0
                text7                              201E     201E       74      801       0
                text6                              1A86     1A86      138      801       0
                text5                              1002     1002      2CE      801       0
                text3                              23A8     23A8       38      801       0
                text2                              150A     150A      1E0      801       0
                text1                              2542     2542       14      801       0
                cstackCOMRAM                          1        1       2B        1       1
                cstackBANK0hhh                       94       94        1       94       1
                bssCOMRAM                            32       32        5        1       1
                cinit                              252E     252E       14      801       0
                nvCOMRAM                             2C       2C        6        1       1
                text0                              24E0     24E0       1E      801       0

TOTAL           Name                               Link     Load   Length     Space
        CLASS   STACK          
                stack                               642      642      8D4         2

        CLASS   CODE           
                intcode                               8        8      394         0
                init                                39C      39C        4         0
                reset_vec                             0        0        6         0
                text34                             2448     2448       2E         0
                text33                             2106     2106       74         0
                text32                             2516     2516       18         0
                text31                             24FE     24FE       18         0
                text30                             22A0     22A0       4C         0
                text29                             217A     217A       6C         0
                text28                             236E     236E       3A         0
                text27                             2334     2334       3A         0
                text26                             24BE     24BE       22         0
                text25                             23E0     23E0       38         0
                text24                             249A     249A       24         0
                text23                             1BBE     1BBE       DC         0
                text22                             22EC     22EC       48         0
                text21                             2476     2476       24         0
                text20                             1C9A     1C9A       D4         0
                text19                             1EF0     1EF0       AA         0
                text18                             21E6     21E6       60         0
                text17                             12D0     12D0      23A         0
                text16                             16EA     16EA      1DC         0
                text15                             2556     2556       10         0
                text14                             2418     2418       30         0
                text13                             18C6     18C6      1C0         0
                text12                             1D6E     1D6E       C2         0
                text11                             1E30     1E30       C0         0
                text10                             2092     2092       74         0
                text9                              1F9A     1F9A       84         0
                text8                              2246     2246       5A         0
                text7                              201E     201E       74         0
                text6                              1A86     1A86      138         0
                text5                              1002     1002      2CE         0
                text3                              23A8     23A8       38         0
                text2                              150A     150A      1E0         0
                text1                              2542     2542       14         0
                cinit                              252E     252E       14         0
                text0                              24E0     24E0       1E         0

        CLASS   CONST          

        CLASS   SMALLCONST     
                smallconst                         1000     1000        2         0

        CLASS   MEDIUMCONST    

        CLASS   COMRAM         
                temp                                 37       37        1         1
                cstackCOMRAM                          1        1       2B         1
                bssCOMRAM                            32       32        5         1
                nvCOMRAM                             2C       2C        6         1

        CLASS   ABS1           
                abs_s1                               60       60       28         1
                abs_s1                               90       90        4         1
                abs_s1                              100      100       42         1
                abs_s1                              103      103        1         1
                abs_s1                              150      150        A         1
                abs_s1                              200      200       42         1
                abs_s1                              203      203        1         1
                abs_s1                              300      300       42         1
                abs_s1                              303      303        1         1
                abs_s1                              369      369        4         1
                abs_s1                              400      400       42         1
                abs_s1                              403      403        1         1
                abs_s1                              500      500       42         1
                abs_s1                              503      503        1         1
                abs_s1                              568      568        2         1
                abs_s1                              570      570        2         1
                abs_s1                              600      600       42         1
                abs_s1                              603      603        1         1

        CLASS   BIGRAM         

        CLASS   RAM            

        CLASS   BANK0          
                cstackBANK0hhh                       94       94        1         1

        CLASS   BANK1          

        CLASS   BANK2          

        CLASS   BANK3          

        CLASS   BANK4          

        CLASS   BANK5          

        CLASS   BANK6          

        CLASS   BANK7          

        CLASS   BANK8          

        CLASS   BANK9          

        CLASS   BANK10         

        CLASS   BANK11         

        CLASS   BANK12         

        CLASS   BANK13         

        CLASS   BANK14         

        CLASS   BANK15         

        CLASS   SFR            

        CLASS   BIGSFR         

        CLASS   CONFIG         
                config                           300000   300000        E         4

        CLASS   IDLOC          
                idloc                            200000   200000        8         5

        CLASS   EEDATA         

        CLASS   FARRAM         

        CLASS   HEAP           



SEGMENTS        Name                           Load    Length   Top    Selector   Space  Class

                cstackCOMRAM                   000001  000037  000038         1       1  COMRAM  
                reset_vec                      000000  000006  000006         0       0  CODE    
                cstackBANK0hhh                 000094  000001  000095        94       1  BANK0   
                text5                          001002  001564  002566       801       0  CODE    
                stack                          000642  0008D4  000F16       642       2  STACK   
                smallconst                     001000  000002  001002       800       0  SMALLCON
                intcode                        000008  000398  0003A0         4       0  CODE    


UNUSED ADDRESS RANGES

        Name                Unused          Largest block    Delta
        BANK0            000088-00008F                8
                         000095-0000FF               6B
        BANK1            000142-00014F                E
                         00015A-0001FF               A6
        BANK10           000A00-000AFF              100
        BANK11           000B00-000BFF              100
        BANK12           000C00-000CFF              100
        BANK13           000D00-000DFF              100
        BANK14           000E00-000EFF              100
        BANK15           000F00-000F15               16
        BANK2            000242-0002FF               BE
        BANK3            000342-000368               27
                         00036D-0003FF               93
        BANK4            000442-0004FF               BE
        BANK5            000542-000567               26
                         00056A-00056F                6
                         000572-0005FF               8E
        BANK6            000642-0006FF               BE
        BANK7            000700-0007FF              100
        BANK8            000800-0008FF              100
        BANK9            000900-0009FF              100
        BIGRAM           000038-00005F               28
                         000088-00008F                8
                         000095-0000FF               6B
                         000142-00014F                E
                         00015A-0001FF               A6
                         000242-0002FF               BE
                         000342-000368               27
                         00036D-0003FF               93
                         000442-0004FF               BE
                         000542-000567               26
                         00056A-00056F                6
                         000572-0005FF               8E
                         000642-000F15              8D4
        BIGSFR           000F16-000FFC               E7
        CODE             000006-000007                2
                         0003A0-000FFF              C60
                         002566-01FFFF            1DA9A
        COMRAM           000038-00005F               28
        CONST            000006-000007                2
                         0003A0-000FFF              C60
                         002566-01FFFF            1DA9A
        EEDATA           F00000-F003FF              400
        MEDIUMCONST      002566-00FFFF             DA9A
                         011000-01FFFF             F000
        RAM              000088-00008F                8
                         000095-0000FF               6B
                         000142-00014F                E
                         00015A-0001FF               A6
                         000242-0002FF               BE
                         000342-000368               27
                         00036D-0003FF               93
                         000442-0004FF               BE
                         000542-000567               26
                         00056A-00056F                6
                         000572-0005FF               8E
                         000642-000F15              100
        SFR              000F16-000FFC               4A
        SMALLCONST       002566-01FFFF              100

                                  Symbol Table

?___awdiv                            cstackCOMRAM   000001
?___lwdiv                            cstackCOMRAM   000001
EEPROM_Read@addr                     cstackCOMRAM   000001
EEPROM_Write@addr                    cstackCOMRAM   000002
EEPROM_Write@data                    cstackCOMRAM   000001
_ADCON0                              (abs)          000FC2
_ADCON0bits                          (abs)          000FC2
_ADCON1                              (abs)          000FC1
_ADCON2                              (abs)          000FC0
_ADRESH                              (abs)          000FC4
_ADRESL                              (abs)          000FC3
_ANALOG_JOYSTICK_X                   (abs)          000083
_ANALOG_JOYSTICK_Y                   (abs)          000084
_ANALOG_TEMP_EAU                     (abs)          000082
_ANALOG_TEMP_HUILE                   (abs)          000081
_ANCON0                              (abs)          000F25
_ANCON0bits                          (abs)          000F25
_ANCON1                              (abs)          000F24
_ANCON1bits                          (abs)          000F24
_ANCON2                              (abs)          000F23
_BAUDCON1                            (abs)          000F65
_BSR                                 (abs)          000FE0
_BSR_TEMPORAIRE                      (abs)          000062
_BuzzerOn                            (abs)          000159
_DEMARRAGE                           (abs)          000065
_EEADR                               (abs)          000F62
_EECON1bits                          (abs)          000F7F
_EECON2                              (abs)          000F7E
_EEDATA                              (abs)          000F61
_EEPROM_Read                         text15         002556
_EEPROM_Write                        text14         002418
_FSR0H                               (abs)          000FEA
_FSR0H_TEMPORAIRE                    (abs)          000063
_FSR0L                               (abs)          000FE9
_FSR0L_TEMPORAIRE                    (abs)          000064
_FSR1H                               (abs)          000FE2
_FSR1L                               (abs)          000FE1
_FSR2H                               (abs)          000FDA
_FSR2L                               (abs)          000FD9
_INTCON2bits                         (abs)          000FF1
_INTCONbits                          (abs)          000FF2
_KM_0                                (abs)          000369
_KM_1                                (abs)          00036A
_KM_2                                (abs)          00036B
_KM_3                                (abs)          00036C
_LATCbits                            (abs)          000F8B
_LATDbits                            (abs)          000F8C
_LATGbits                            (abs)          000F8F
_LATH                                (abs)          000F90
_LATJ                                (abs)          000F91
_LATJbits                            (abs)          000F91
_MEMCON                              (abs)          000F26
_PADCFG1bits                         (abs)          000F53
_PCLATH                              (abs)          000FFA
_PCLATU                              (abs)          000FFB
_PIR1bits                            (abs)          000F9E
_PORTBbits                           (abs)          000F81
_PORTDbits                           (abs)          000F83
_PORTEbits                           (abs)          000F84
_PORTH                               (abs)          000F87
_POSTINC0                            (abs)          000FEE
_POSTINC1                            (abs)          000FE6
_PRODH                               (abs)          000FF4
_PRODL                               (abs)          000FF3
_RCSTA1                              (abs)          000FAB
_RXTX_libre                          (abs)          000080
_SPBRG1                              (abs)          000FAF
_SPBRGH1                             (abs)          000FD4
_STATUS                              (abs)          000FD8
_STATUS_TEMPORAIRE                   (abs)          000061
_STKPTR                              (abs)          000FFC
_STKPTR_T1                           (abs)          000103
_STKPTR_T2                           (abs)          000203
_STKPTR_T3                           (abs)          000303
_STKPTR_T4                           (abs)          000403
_STKPTR_T5                           (abs)          000503
_STKPTR_T6                           (abs)          000603
_T0CON                               (abs)          000FD5
_T0CONbits                           (abs)          000FD5
_T0IE                                (abs)          007F95
_T0IF                                (abs)          007F92
_TABLAT                              (abs)          000FF5
_TBLPTRH                             (abs)          000FF7
_TBLPTRL                             (abs)          000FF6
_TBLPTRU                             (abs)          000FF8
_TMR0                                (abs)          000FD6
_TOSH                                (abs)          000FFE
_TOSL                                (abs)          000FFD
_TOSU                                (abs)          000FFF
_TP_appui                            (abs)          000066
_TP_x                                (abs)          000067
_TP_y                                (abs)          000068
_TRISCbits                           (abs)          000F94
_TRISDbits                           (abs)          000F95
_TRISGbits                           (abs)          000F98
_TRISH                               (abs)          000F99
_TRISJ                               (abs)          000F9A
_TXREG1                              (abs)          000FAD
_TXSTA1                              (abs)          000FAC
_TXSTA1bits                          (abs)          000FAC
_Tick_Count                          (abs)          000071
_Tick_SaveT2                         (abs)          000157
_WREG                                (abs)          000FE8
_W_TEMPORAIRE                        (abs)          000060
__HRAM                               (abs)          000000
__H__absolute__                      __absolute__   000000
__Habs1                              abs1           000000
__Hbank0                             bank0          000000
__Hbank1                             bank1          000000
__Hbank10                            bank10         000000
__Hbank11                            bank11         000000
__Hbank12                            bank12         000000
__Hbank13                            bank13         000000
__Hbank14                            bank14         000000
__Hbank15                            bank15         000000
__Hbank2                             bank2          000000
__Hbank3                             bank3          000000
__Hbank4                             bank4          000000
__Hbank5                             bank5          000000
__Hbank6                             bank6          000000
__Hbank7                             bank7          000000
__Hbank8                             bank8          000000
__Hbank9                             bank9          000000
__Hbigbss                            bigbss         000000
__Hbigdata                           bigdata        000000
__Hbigram                            bigram         000000
__Hbigsfr                            bigsfr         000000
__Hbss                               bss            000000
__HbssCOMRAM                         bssCOMRAM      000000
__Hcinit                             cinit          000000
__Hclrtext                           clrtext        000000
__Hcomram                            comram         000000
__Hconfig                            config         30000E
__Hconst                             const          000000
__HcstackBANK0hhh                    cstackBANK0hhh 000000
__HcstackCOMRAM                      cstackCOMRAM   000000
__Hdata                              data           000000
__Heeprom_data                       eeprom_data    000000
__Hfarbss                            farbss         000000
__Hfardata                           fardata        000000
__Hheap                              heap           000000
__Hibigdata                          ibigdata       000000
__Hidata                             idata          000000
__Hidloc                             idloc          200008
__Hifardata                          ifardata       000000
__Hinit                              init           0003A0
__Hintcode                           intcode        00039C
__Hintcode_body                      intcode_body   000000
__Hintcodelo                         intcodelo      00039C
__Hintentry                          intentry       000000
__Hintret                            intret         000000
__Hintsave_regs                      intsave_regs   000000
__Hirdata                            irdata         000000
__Hmediumconst                       mediumconst    000000
__HnvCOMRAM                          nvCOMRAM       000000
__HnvFARRAM                          nvFARRAM       000000
__Hnvbit                             nvbit          000000
__Hnvrram                            nvrram         000000
__Hparam                             rparam         000000
__Hpowerup                           powerup        00039C
__Hram                               ram            000000
__Hramtop                            ramtop         001000
__Hrbit                              rbit           000000
__Hrbss                              rbss           000000
__Hrdata                             rdata          000000
__Hreset_vec                         reset_vec      000006
__Hrparam                            rparam         000000
__Hsfr                               sfr            000000
__Hsivt_hi                           sivt_hi        000000
__Hsivt_lo                           sivt_lo        000000
__Hsmallconst                        smallconst     001002
__Hspace_0                           (abs)          002566
__Hspace_1                           (abs)          000095
__Hspace_2                           (abs)          000F16
__Hspace_4                           (abs)          60000E
__Hstack                             stack          000F16
__Hstruct                            struct         000000
__Htemp                              temp           000038
__Htext                              text           000000
__Htext0                             text0          000000
__Htext1                             text1          000000
__Htext10                            text10         000000
__Htext11                            text11         000000
__Htext12                            text12         000000
__Htext13                            text13         000000
__Htext14                            text14         000000
__Htext15                            text15         000000
__Htext16                            text16         000000
__Htext17                            text17         000000
__Htext18                            text18         000000
__Htext19                            text19         000000
__Htext2                             text2          000000
__Htext20                            text20         000000
__Htext21                            text21         000000
__Htext22                            text22         000000
__Htext23                            text23         000000
__Htext24                            text24         000000
__Htext25                            text25         000000
__Htext26                            text26         000000
__Htext27                            text27         000000
__Htext28                            text28         000000
__Htext29                            text29         000000
__Htext3                             text3          000000
__Htext30                            text30         000000
__Htext31                            text31         000000
__Htext32                            text32         000000
__Htext33                            text33         000000
__Htext34                            text34         000000
__Htext5                             text5          000000
__Htext6                             text6          000000
__Htext7                             text7          000000
__Htext8                             text8          000000
__Htext9                             text9          000000
__LRAM                               (abs)          000001
__L__absolute__                      __absolute__   000000
__Labs1                              abs1           000000
__Lbank0                             bank0          000000
__Lbank1                             bank1          000000
__Lbank10                            bank10         000000
__Lbank11                            bank11         000000
__Lbank12                            bank12         000000
__Lbank13                            bank13         000000
__Lbank14                            bank14         000000
__Lbank15                            bank15         000000
__Lbank2                             bank2          000000
__Lbank3                             bank3          000000
__Lbank4                             bank4          000000
__Lbank5                             bank5          000000
__Lbank6                             bank6          000000
__Lbank7                             bank7          000000
__Lbank8                             bank8          000000
__Lbank9                             bank9          000000
__Lbigbss                            bigbss         000000
__Lbigdata                           bigdata        000000
__Lbigram                            bigram         000000
__Lbigsfr                            bigsfr         000000
__Lbss                               bss            000000
__LbssCOMRAM                         bssCOMRAM      000000
__Lcinit                             cinit          000000
__Lclrtext                           clrtext        000000
__Lcomram                            comram         000000
__Lconfig                            config         000000
__Lconst                             const          000000
__LcstackBANK0hhh                    cstackBANK0hhh 000000
__LcstackCOMRAM                      cstackCOMRAM   000000
__Ldata                              data           000000
__Leeprom_data                       eeprom_data    000000
__Lfarbss                            farbss         000000
__Lfardata                           fardata        000000
__Lheap                              heap           000000
__Libigdata                          ibigdata       000000
__Lidata                             idata          000000
__Lidloc                             idloc          000000
__Lifardata                          ifardata       000000
__Linit                              init           00039C
__Lintcode                           intcode        000008
__Lintcode_body                      intcode_body   000000
__Lintcodelo                         intcodelo      00039C
__Lintentry                          intentry       000000
__Lintret                            intret         000000
__Lintsave_regs                      intsave_regs   000000
__Lirdata                            irdata         000000
__Lmediumconst                       mediumconst    000000
__LnvCOMRAM                          nvCOMRAM       000000
__LnvFARRAM                          nvFARRAM       000000
__Lnvbit                             nvbit          000000
__Lnvrram                            nvrram         000000
__Lparam                             rparam         000000
__Lpowerup                           powerup        00039C
__Lram                               ram            000000
__Lramtop                            ramtop         001000
__Lrbit                              rbit           000000
__Lrbss                              rbss           000000
__Lrdata                             rdata          000000
__Lreset_vec                         reset_vec      000000
__Lrparam                            rparam         000000
__Lsfr                               sfr            000000
__Lsivt_hi                           sivt_hi        000000
__Lsivt_lo                           sivt_lo        000000
__Lsmallconst                        smallconst     001000
__Lspace_0                           (abs)          000000
__Lspace_1                           (abs)          000000
__Lspace_2                           (abs)          000000
__Lspace_4                           (abs)          000000
__Lstack                             stack          000642
__Lstruct                            struct         000000
__Ltemp                              temp           000037
__Ltext                              text           000000
__Ltext0                             text0          000000
__Ltext1                             text1          000000
__Ltext10                            text10         000000
__Ltext11                            text11         000000
__Ltext12                            text12         000000
__Ltext13                            text13         000000
__Ltext14                            text14         000000
__Ltext15                            text15         000000
__Ltext16                            text16         000000
__Ltext17                            text17         000000
__Ltext18                            text18         000000
__Ltext19                            text19         000000
__Ltext2                             text2          000000
__Ltext20                            text20         000000
__Ltext21                            text21         000000
__Ltext22                            text22         000000
__Ltext23                            text23         000000
__Ltext24                            text24         000000
__Ltext25                            text25         000000
__Ltext26                            text26         000000
__Ltext27                            text27         000000
__Ltext28                            text28         000000
__Ltext29                            text29         000000
__Ltext3                             text3          000000
__Ltext30                            text30         000000
__Ltext31                            text31         000000
__Ltext32                            text32         000000
__Ltext33                            text33         000000
__Ltext34                            text34         000000
__Ltext5                             text5          000000
__Ltext6                             text6          000000
__Ltext7                             text7          000000
__Ltext8                             text8          000000
__Ltext9                             text9          000000
__S0                                 (abs)          002566
__S1                                 (abs)          000095
__S2                                 (abs)          000F16
__S4                                 (abs)          000000
__S5                                 (abs)          000000
___awdiv                             text12         001D6E
___awdiv@counter                     cstackCOMRAM   000005
___awdiv@dividend                    cstackCOMRAM   000001
___awdiv@divisor                     cstackCOMRAM   000003
___awdiv@quotient                    cstackCOMRAM   000007
___awdiv@sign                        cstackCOMRAM   000006
___extmem_base                       (abs)          020000
___heap_hi                           (abs)          000000
___heap_lo                           (abs)          000000
___inthi_sp                          stack          000AAC
___inthi_stack_hi                    stack          000F16
___inthi_stack_lo                    stack          000AAC
___intlo_sp                          stack          000F16
___lbdiv                             text8          002246
___lbdiv@counter                     cstackCOMRAM   000003
___lbdiv@dividend                    cstackCOMRAM   000002
___lbdiv@divisor                     cstackCOMRAM   000001
___lbdiv@quotient                    cstackCOMRAM   000004
___lwdiv                             text7          00201E
___lwdiv@counter                     cstackCOMRAM   000007
___lwdiv@dividend                    cstackCOMRAM   000001
___lwdiv@divisor                     cstackCOMRAM   000003
___lwdiv@quotient                    cstackCOMRAM   000005
___param_bank                        (abs)          000000
___rparam_used                       (abs)          000001
___sp                                stack          000642
___stack_hi                          stack          000AAC
___stack_lo                          stack          000642
__accesstop                          (abs)          000060
__activetblptr                       (abs)          000003
__end_of_EEPROM_Read                 text15         002566
__end_of_EEPROM_Write                text14         002448
__end_of___awdiv                     text12         001E30
__end_of___lbdiv                     text8          0022A0
__end_of___lwdiv                     text7          002092
__end_of__initialization             cinit          002538
__end_of_check_status_ok             text25         002418
__end_of_clear_graphics              text28         0023A8
__end_of_clear_text                  text27         00236E
__end_of_command                     text24         0024BE
__end_of_d1command                   text30         0022EC
__end_of_d2command                   text29         0021E6
__end_of_delai_us_char               text34         002476
__end_of_draw_dec8                   text11         001EF0
__end_of_fonction_d_interruption     intcode        00039C
__end_of_goto_lico                   text10         002106
__end_of_init_rxtx                   text26         0024E0
__end_of_initialisation_afficheur    text23         001C9A
__end_of_initialisation_des_ports    text3          0023E0
__end_of_initialisation_du_systeme   text2          0016EA
__end_of_lecture_8bit_analogique     text22         002334
__end_of_lecture_normale             text20         001D6E
__end_of_main                        text0          0024FE
__end_of_semaphore_init              text1          002556
__end_of_semaphore_release           text19         001F9A
__end_of_semaphore_tryacquire        text18         002246
__end_of_stid_delai_us               text21         00249A
__end_of_tache1                      text17         00150A
__end_of_tache2                      text16         0018C6
__end_of_tache3                      text13         001A86
__end_of_tache4                      text9          00201E
__end_of_tache5                      text6          001BBE
__end_of_tache6                      text5          0012D0
__end_of_wait_status_ok              text33         00217A
__end_of_write_c_aff                 text32         00252E
__end_of_write_d_aff                 text31         002516
__initialization                     cinit          00252E
__mediumconst                        mediumconst    000000
__pbssCOMRAM                         bssCOMRAM      000032
__pcinit                             cinit          00252E
__pcstackBANK0hhh                    cstackBANK0hhh 000094
__pcstackCOMRAM                      cstackCOMRAM   000001
__pintcode                           intcode        000008
__pnvCOMRAM                          nvCOMRAM       00002C
__psmallconst                        smallconst     001000
__ptext0                             text0          0024E0
__ptext1                             text1          002542
__ptext10                            text10         002092
__ptext11                            text11         001E30
__ptext12                            text12         001D6E
__ptext13                            text13         0018C6
__ptext14                            text14         002418
__ptext15                            text15         002556
__ptext16                            text16         0016EA
__ptext17                            text17         0012D0
__ptext18                            text18         0021E6
__ptext19                            text19         001EF0
__ptext2                             text2          00150A
__ptext20                            text20         001C9A
__ptext21                            text21         002476
__ptext22                            text22         0022EC
__ptext23                            text23         001BBE
__ptext24                            text24         00249A
__ptext25                            text25         0023E0
__ptext26                            text26         0024BE
__ptext27                            text27         002334
__ptext28                            text28         00236E
__ptext29                            text29         00217A
__ptext3                             text3          0023A8
__ptext30                            text30         0022A0
__ptext31                            text31         0024FE
__ptext32                            text32         002516
__ptext33                            text33         002106
__ptext34                            text34         002448
__ptext5                             text5          001002
__ptext6                             text6          001A86
__ptext7                             text7          00201E
__ptext8                             text8          002246
__ptext9                             text9          001F9A
__ramtop                             ramtop         001000
__smallconst                         smallconst     001000
_alarme_batterie                     (abs)          000154
_alarme_choc                         (abs)          000155
_alarme_cle                          (abs)          000151
_alarme_conducteur                   (abs)          000156
_alarme_eau                          (abs)          000152
_alarme_frein                        (abs)          000150
_alarme_huile                        (abs)          000153
_badge                               (abs)          000075
_batterie                            (abs)          000074
_buffer_batterie                     (abs)          000570
_check_status_ok                     text25         0023E0
_clear_graphics                      text28         00236E
_clear_text                          text27         002334
_command                             text24         00249A
_contexte1                           (abs)          000100
_contexte2                           (abs)          000200
_contexte3                           (abs)          000300
_contexte4                           (abs)          000400
_contexte5                           (abs)          000500
_contexte6                           (abs)          000600
_cptT5                               (abs)          000568
_d1command                           text30         0022A0
_d2command                           text29         00217A
_delai_us_char                       text34         002448
_draw_dec8                           text11         001E30
_fonction_d_interruption             intcode        000008
_fptr                                nvCOMRAM       00002C
_goto_lico                           text10         002092
_init_rxtx                           text26         0024BE
_initialisation_afficheur            text23         001BBE
_initialisation_des_ports            text3          0023A8
_initialisation_du_systeme           text2          00150A
_lecture_8bit_analogique             text22         0022EC
_lecture_normale                     text20         001C9A
_main                                text0          0024E0
_n_octet_badge                       (abs)          00007F
_passageT5                           (abs)          000569
_pointeur_de_tache                   (abs)          000070
_puc                                 nvCOMRAM       00002F
_queue                               (abs)          000069
_semaphore_init                      text1          002542
_semaphore_release                   text19         001EF0
_semaphore_tryacquire                text18         0021E6
_semaphores                          (abs)          000090
_semtask1FLAG                        (abs)          000086
_semtask6FLAG                        (abs)          000085
_stid_delai_us                       text21         002476
_tache1                              text17         0012D0
_tache2                              text16         0016EA
_tache3                              text13         0018C6
_tache4                              text9          001F9A
_tache5                              text6          001A86
_tache6                              text5          001002
_tache_active                        (abs)          00006F
_tc                                  bssCOMRAM      000032
_val_tos                             nvCOMRAM       000030
_vitesse                             (abs)          000073
_vitesse_1                           (abs)          000087
_wait_status_ok                      text33         002106
_write_c_aff                         text32         002516
_write_d_aff                         text31         0024FE
btemp                                temp           000037
check_status_ok@res                  cstackCOMRAM   000001
clear_graphics@add                   cstackCOMRAM   000009
clear_text@add                       cstackCOMRAM   000009
command@cmd                          cstackCOMRAM   000005
d1command@cmd                        cstackCOMRAM   000005
d1command@d1                         cstackCOMRAM   000006
d1command@res                        cstackCOMRAM   000007
d2command@cmd                        cstackCOMRAM   000006
d2command@d1                         cstackCOMRAM   000007
d2command@d2                         cstackCOMRAM   000005
d2command@res                        cstackCOMRAM   000008
delai_us_char@ucdelai                cstackCOMRAM   000001
draw_dec8@c                          cstackCOMRAM   00000E
draw_dec8@cent                       cstackCOMRAM   00000C
draw_dec8@dix                        cstackCOMRAM   00000D
draw_dec8@octet                      cstackCOMRAM   00000B
draw_dec8@unit                       cstackCOMRAM   00000A
end_of_initialization                cinit          002538
goto_lico@adr                        cstackCOMRAM   00000D
goto_lico@colonne                    cstackCOMRAM   000009
goto_lico@ligne                      cstackCOMRAM   00000C
initialisation_afficheur@error_count cstackCOMRAM   000009
initialisation_du_systeme@temp       cstackBANK0hhh 000094
int$flags                            temp           000037
intlevel0                            text           000000
intlevel1                            text           000000
intlevel2                            text           000000
intlevel3                            text           000000
isa$std                              (abs)          000001
isa$xinst                            (abs)          000000
lecture_8bit_analogique@channel      cstackCOMRAM   000002
lecture_8bit_analogique@ret          cstackCOMRAM   000001
lecture_normale@n_bit                cstackCOMRAM   000006
lecture_normale@n_octet              cstackCOMRAM   000005
lecture_normale@octet                cstackCOMRAM   000007
lecture_normale@stid_id              cstackCOMRAM   000003
lecture_normale@temps_attente        cstackCOMRAM   000004
semaphore_init@jetons_initiaux       cstackBANK0hhh 000094
semaphore_release@i                  cstackCOMRAM   000005
semaphore_release@nb_tsk             cstackCOMRAM   000004
semaphore_release@tache              cstackCOMRAM   000003
semaphore_tryacquire@tache           cstackCOMRAM   000003
stackhi                              (abs)          000F15
stacklo                              (abs)          000642
start                                init           00039C
start_initialization                 cinit          00252E
stid_delai_us@isdu                   cstackCOMRAM   000001
tache1@buffer_batterie_moins         cstackCOMRAM   00000B
tache1@buffer_vitesse_moins          cstackCOMRAM   00000E
tache1@buffer_vitesse_plus           cstackCOMRAM   00000D
tache1@ma_tache                      cstackCOMRAM   00000C
tache1@n                             cstackCOMRAM   00000F
tache3@b                             cstackCOMRAM   000008
tache3@init                          cstackCOMRAM   000009
tache3@save_counter                  bssCOMRAM      000035
tache5@average_speed                 cstackCOMRAM   000024
tache5@i                             cstackCOMRAM   000022
tache5@i_1656                        cstackCOMRAM   000023
tache5@length_tick                   cstackCOMRAM   000020
tache5@sample_count                  cstackCOMRAM   000025
tache5@sample_vitesse                cstackCOMRAM   00000C
tache6@a                             cstackCOMRAM   000013
tache6@analog_c                      cstackCOMRAM   00000A
tache6@battery_c                     cstackCOMRAM   00000C
tache6@choc                          cstackCOMRAM   00000E
tache6@drive_c                       cstackCOMRAM   000010
tache6@forks                         cstackCOMRAM   000012
tache6@frein                         cstackCOMRAM   00000D
tache6@ma_tache                      cstackCOMRAM   000015
tache6@oil_c                         cstackCOMRAM   000017
tache6@siege                         cstackCOMRAM   00000F
tache6@speed_c                       cstackCOMRAM   00000B
tache6@water_c                       cstackCOMRAM   000016
tache6@wheels                        cstackCOMRAM   000011
ttemp5                               temp           000038
ttemp6                               temp           00003B
ttemp7                               temp           00003F
wait_status_ok@err                   cstackCOMRAM   000002
wait_status_ok@res                   cstackCOMRAM   000004
wait_status_ok@status                cstackCOMRAM   000003
write_c_aff@command                  cstackCOMRAM   000001
write_d_aff@data                     cstackCOMRAM   000001
wtemp8                               temp           000038


MODULE INFORMATION

Module		Function		Class		Link	Load	Size
T6.c
		_tache6        		CODE           	1002	0000	718

T6.c estimated size: 718

semaphore.c
		_semaphore_release		CODE           	1EF0	0000	170
		_semaphore_tryacquire		CODE           	21E6	0000	96
		_semaphore_init		CODE           	2542	0000	20

semaphore.c estimated size: 286

T4.c
		_tache4        		CODE           	1F9A	0000	132

T4.c estimated size: 132

afficheur.c
		_d2command     		CODE           	217A	0000	108
		_write_d_aff   		CODE           	24FE	0000	24
		_draw_dec8     		CODE           	1E30	0000	192
		_clear_text    		CODE           	2334	0000	58
		_initialisation_afficheur		CODE           	1BBE	0000	220
		_write_c_aff   		CODE           	2516	0000	24
		_clear_graphics		CODE           	236E	0000	58
		_delai_us_char 		CODE           	2448	0000	46
		_goto_lico     		CODE           	2092	0000	116
		_command       		CODE           	249A	0000	36
		_wait_status_ok		CODE           	2106	0000	116
		_d1command     		CODE           	22A0	0000	76
		_check_status_ok		CODE           	23E0	0000	56

afficheur.c estimated size: 1130

T2.c
		_tache2        		CODE           	16EA	0000	476

T2.c estimated size: 476

/Applications/microchip/xc8/v2.50/pic/sources/c99/common/lwdiv.c
		___lwdiv       		CODE           	201E	0000	116

/Applications/microchip/xc8/v2.50/pic/sources/c99/common/lwdiv.c estimated size: 116

systeme.c
		_initialisation_du_systeme		CODE           	150A	0000	480
		_fonction_d_interruption		CODE           	0008	0000	916

systeme.c estimated size: 1396

stid.c
		_lecture_normale		CODE           	1C9A	0000	212
		_stid_delai_us 		CODE           	2476	0000	36

stid.c estimated size: 248

eeprom.c
		_EEPROM_Read   		CODE           	2556	0000	16
		_EEPROM_Write  		CODE           	2418	0000	48

eeprom.c estimated size: 64

T5.c
		_tache5        		CODE           	1A86	0000	312

T5.c estimated size: 312

/Applications/microchip/xc8/v2.50/pic/sources/c99/common/awdiv.c
		___awdiv       		CODE           	1D6E	0000	194

/Applications/microchip/xc8/v2.50/pic/sources/c99/common/awdiv.c estimated size: 194

T3.c
		_tache3        		CODE           	18C6	0000	448

T3.c estimated size: 448

shared
		__initialization		CODE           	252E	0000	10

shared estimated size: 10

T1.c
		_tache1        		CODE           	12D0	0000	570

T1.c estimated size: 570

rxtx.c
		_init_rxtx     		CODE           	24BE	0000	34

rxtx.c estimated size: 34

main.c
		_initialisation_des_ports		CODE           	23A8	0000	56
		_main          		CODE           	24E0	0000	30
		_lecture_8bit_analogique		CODE           	22EC	0000	72

main.c estimated size: 158

/Applications/microchip/xc8/v2.50/pic/sources/c99/common/lbdiv.c
		___lbdiv       		CODE           	2246	0000	90

/Applications/microchip/xc8/v2.50/pic/sources/c99/common/lbdiv.c estimated size: 90

